Component: ARM Compiler 5.06 update 6 (build 750) Tool: armlink [4d35ed]

==============================================================================

Section Cross References

    main.o(i.get_cmd) refers to usart.o(i.usart_get_data) for usart_get_data
    main.o(i.get_cmd) refers to strcmpv7m.o(.text) for strcmp
    main.o(i.get_cmd) refers to main.o(.data) for cmd_P
    main.o(i.getdatas) refers to sinf.o(i.__hardfp_sinf) for __hardfp_sinf
    main.o(i.getdatas) refers to cosf.o(i.__hardfp_cosf) for __hardfp_cosf
    main.o(i.getdatas) refers to main.o(.data) for x
    main.o(i.getdatas) refers to main.o(.bss) for datas
    main.o(i.main) refers to delay.o(i.delay_init) for delay_init
    main.o(i.main) refers to led.o(i.LED_Init) for LED_Init
    main.o(i.main) refers to usart.o(i.usart_init) for usart_init
    main.o(i.main) refers to main.o(i.send_wave) for send_wave
    main.o(i.main) refers to main.o(i.getdatas) for getdatas
    main.o(i.main) refers to main.o(i.get_cmd) for get_cmd
    main.o(i.send_wave) refers to rt_memcpy_w.o(.text) for __aeabi_memcpy4
    main.o(i.send_wave) refers to usart.o(i.usart_senddatas) for usart_senddatas
    main.o(i.send_wave) refers to main.o(.bss) for datas
    main.o(i.send_wave) refers to main.o(.data) for cmd_P
    system_stm32f4xx.o(i.SystemCoreClockUpdate) refers to system_stm32f4xx.o(.data) for SystemCoreClock
    system_stm32f4xx.o(i.SystemInit) refers to system_stm32f4xx.o(i.SetSysClock) for SetSysClock
    led.o(i.LED_Init) refers to stm32f4xx_rcc.o(i.RCC_AHB1PeriphClockCmd) for RCC_AHB1PeriphClockCmd
    led.o(i.LED_Init) refers to stm32f4xx_gpio.o(i.GPIO_Init) for GPIO_Init
    led.o(i.LED_Init) refers to stm32f4xx_gpio.o(i.GPIO_SetBits) for GPIO_SetBits
    delay.o(i.delay_init) refers to misc.o(i.SysTick_CLKSourceConfig) for SysTick_CLKSourceConfig
    delay.o(i.delay_init) refers to delay.o(.data) for fac_us
    delay.o(i.delay_ms) refers to delay.o(i.delay_xms) for delay_xms
    delay.o(i.delay_us) refers to delay.o(.data) for fac_us
    delay.o(i.delay_xms) refers to delay.o(.data) for fac_ms
    usart.o(.rev16_text) refers (Special) to use_no_semi_2.o(.text) for __use_no_semihosting
    usart.o(.revsh_text) refers (Special) to use_no_semi_2.o(.text) for __use_no_semihosting
    usart.o(i.USART1_IRQHandler) refers (Special) to use_no_semi_2.o(.text) for __use_no_semihosting
    usart.o(i.USART1_IRQHandler) refers to stm32f4xx_usart.o(i.USART_GetITStatus) for USART_GetITStatus
    usart.o(i.USART1_IRQHandler) refers to stm32f4xx_usart.o(i.USART_ReceiveData) for USART_ReceiveData
    usart.o(i.USART1_IRQHandler) refers to usart.o(.data) for usart_readok
    usart.o(i.USART1_IRQHandler) refers to usart.o(.bss) for usart_readbuff
    usart.o(i._sys_exit) refers (Special) to use_no_semi_2.o(.text) for __use_no_semihosting
    usart.o(i.fputc) refers (Special) to use_no_semi_2.o(.text) for __use_no_semihosting
    usart.o(i.usart_get_data) refers (Special) to use_no_semi_2.o(.text) for __use_no_semihosting
    usart.o(i.usart_get_data) refers to _scanf_str.o(.text) for _scanf_string
    usart.o(i.usart_get_data) refers to scanf1.o(x$fpl$scanf1) for _scanf_real
    usart.o(i.usart_get_data) refers to __0sscanf.o(.text) for __0sscanf
    usart.o(i.usart_get_data) refers to rt_memclr.o(.text) for __aeabi_memclr
    usart.o(i.usart_get_data) refers to usart.o(.data) for usart_readok
    usart.o(i.usart_get_data) refers to usart.o(.bss) for usart_readbuff
    usart.o(i.usart_init) refers (Special) to use_no_semi_2.o(.text) for __use_no_semihosting
    usart.o(i.usart_init) refers to stm32f4xx_rcc.o(i.RCC_AHB1PeriphClockCmd) for RCC_AHB1PeriphClockCmd
    usart.o(i.usart_init) refers to stm32f4xx_rcc.o(i.RCC_APB2PeriphClockCmd) for RCC_APB2PeriphClockCmd
    usart.o(i.usart_init) refers to stm32f4xx_gpio.o(i.GPIO_PinAFConfig) for GPIO_PinAFConfig
    usart.o(i.usart_init) refers to stm32f4xx_gpio.o(i.GPIO_Init) for GPIO_Init
    usart.o(i.usart_init) refers to stm32f4xx_usart.o(i.USART_Init) for USART_Init
    usart.o(i.usart_init) refers to stm32f4xx_usart.o(i.USART_Cmd) for USART_Cmd
    usart.o(i.usart_init) refers to stm32f4xx_usart.o(i.USART_ITConfig) for USART_ITConfig
    usart.o(i.usart_init) refers to misc.o(i.NVIC_Init) for NVIC_Init
    usart.o(i.usart_senddatas) refers (Special) to use_no_semi_2.o(.text) for __use_no_semihosting
    usart.o(i.usart_senddatas) refers to stm32f4xx_usart.o(i.USART_GetFlagStatus) for USART_GetFlagStatus
    usart.o(i.usart_senddatas) refers to stm32f4xx_usart.o(i.USART_SendData) for USART_SendData
    usart.o(.bss) refers (Special) to use_no_semi_2.o(.text) for __use_no_semihosting
    usart.o(.data) refers (Special) to use_no_semi_2.o(.text) for __use_no_semihosting
    startup_stm32f40_41xxx.o(STACK) refers (Special) to heapauxi.o(.text) for __use_two_region_memory
    startup_stm32f40_41xxx.o(HEAP) refers (Special) to heapauxi.o(.text) for __use_two_region_memory
[...]
    ../clib/armsys.c                         0x00000000   Number         0  argv_veneer.o ABSOLUTE
    ../clib/armsys.c                         0x00000000   Number         0  argv_veneer.o ABSOLUTE
    ../clib/bigflt.c                         0x00000000   Number         0  bigflt0.o ABSOLUTE
    ../clib/btod.s                           0x00000000   Number         0  btod.o ABSOLUTE
    ../clib/ctype.c                          0x00000000   Number         0  isspace.o ABSOLUTE
    ../clib/fenv.c                           0x00000000   Number         0  _rserrno.o ABSOLUTE
    ../clib/heapalloc.c                      0x00000000   Number         0  hrguard.o ABSOLUTE
    ../clib/heapaux.c                        0x00000000   Number         0  heapauxi.o ABSOLUTE
    ../clib/libinit.s                        0x00000000   Number         0  libshutdown2.o ABSOLUTE
    ../clib/libinit.s                        0x00000000   Number         0  libinit2.o ABSOLUTE
    ../clib/libinit.s                        0x00000000   Number         0  libshutdown.o ABSOLUTE
    ../clib/libinit.s                        0x00000000   Number         0  libinit.o ABSOLUTE
    ../clib/locale.s                         0x00000000   Number         0  lc_numeric_c.o ABSOLUTE
    ../clib/locale.s                         0x00000000   Number         0  lc_ctype_c.o ABSOLUTE
    ../clib/longlong.s                       0x00000000   Number         0  llshl.o ABSOLUTE
    ../clib/memcpset.s                       0x00000000   Number         0  rt_memcpy_w.o ABSOLUTE
    ../clib/memcpset.s                       0x00000000   Number         0  rt_memclr.o ABSOLUTE
    ../clib/memcpset.s                       0x00000000   Number         0  strcmpv7m.o ABSOLUTE
    ../clib/memcpset.s                       0x00000000   Number         0  rt_memclr_w.o ABSOLUTE
    ../clib/scanf.c                          0x00000000   Number         0  scanf_char.o ABSOLUTE
    ../clib/scanf.c                          0x00000000   Number         0  scanf_fp.o ABSOLUTE
    ../clib/scanf.c                          0x00000000   Number         0  _chval.o ABSOLUTE
    ../clib/scanf.c                          0x00000000   Number         0  __0sscanf.o ABSOLUTE
    ../clib/scanf.c                          0x00000000   Number         0  _scanf_str.o ABSOLUTE
    ../clib/scanf.c                          0x00000000   Number         0  _scanf.o ABSOLUTE
    ../clib/scanf.c                          0x00000000   Number         0  scanf_hexfp.o ABSOLUTE
    ../clib/scanf.c                          0x00000000   Number         0  scanf_infnan.o ABSOLUTE
    ../clib/scanf.c                          0x00000000   Number         0  _sgetc.o ABSOLUTE
    ../clib/signal.c                         0x00000000   Number         0  defsig_rtmem_outer.o ABSOLUTE
    ../clib/signal.c                         0x00000000   Number         0  defsig_abrt_inner.o ABSOLUTE
    ../clib/signal.c                         0x00000000   Number         0  defsig_rtmem_formal.o ABSOLUTE
    ../clib/signal.c                         0x00000000   Number         0  defsig_general.o ABSOLUTE
    ../clib/signal.c                         0x00000000   Number         0  defsig_exit.o ABSOLUTE
    ../clib/signal.c                         0x00000000   Number         0  __raise.o ABSOLUTE
    ../clib/signal.c                         0x00000000   Number         0  defsig_other.o ABSOLUTE
    ../clib/signal.c                         0x00000000   Number         0  defsig_segv_inner.o ABSOLUTE
    ../clib/signal.c                         0x00000000   Number         0  defsig_cppl_inner.o ABSOLUTE
    ../clib/signal.c                         0x00000000   Number         0  defsig_stak_inner.o ABSOLUTE
    ../clib/signal.c                         0x00000000   Number         0  defsig_rtred_inner.o ABSOLUTE
    ../clib/signal.c                         0x00000000   Number         0  defsig_fpe_inner.o ABSOLUTE
    ../clib/signal.c                         0x00000000   Number         0  defsig_pvfn_inner.o ABSOLUTE
    ../clib/signal.c                         0x00000000   Number         0  defsig_rtmem_inner.o ABSOLUTE
    ../clib/signal.s                         0x00000000   Number         0  defsig.o ABSOLUTE
    ../clib/stdlib.c                         0x00000000   Number         0  exit.o ABSOLUTE
    ../fplib/d2f.s                           0x00000000   Number         0  d2f.o ABSOLUTE
    ../fplib/daddsub.s                       0x00000000   Number         0  daddsub_clz.o ABSOLUTE
    ../fplib/dcheck1.s                       0x00000000   Number         0  dcheck1.o ABSOLUTE
    ../fplib/dcmpi.s                         0x00000000   Number         0  dcmpi.o ABSOLUTE
    ../fplib/ddiv.s                          0x00000000   Number         0  ddiv.o ABSOLUTE
    ../fplib/deqf.s                          0x00000000   Number         0  deqf.o ABSOLUTE
    ../fplib/dleqf.s                         0x00000000   Number         0  dleqf.o ABSOLUTE
    ../fplib/dmul.s                          0x00000000   Number         0  dmul.o ABSOLUTE
    ../fplib/dnaninf.s                       0x00000000   Number         0  dnaninf.o ABSOLUTE
    ../fplib/dretinf.s                       0x00000000   Number         0  dretinf.o ABSOLUTE
    ../fplib/drleqf.s                        0x00000000   Number         0  drleqf.o ABSOLUTE
    ../fplib/fpconst.s                       0x00000000   Number         0  fpconst.o ABSOLUTE
    ../fplib/fpinit.s                        0x00000000   Number         0  fpinit.o ABSOLUTE
    ../fplib/fretinf.s                       0x00000000   Number         0  fretinf.o ABSOLUTE
    ../fplib/istatus.s                       0x00000000   Number         0  istatus.o ABSOLUTE
    ../fplib/retnan.s                        0x00000000   Number         0  retnan.o ABSOLUTE
    ../fplib/scalbn.s                        0x00000000   Number         0  scalbn.o ABSOLUTE
    ../fplib/scanf1.s                        0x00000000   Number         0  scanf1.o ABSOLUTE
    ../fplib/scanf2.s                        0x00000000   Number         0  scanf2.o ABSOLUTE
    ../fplib/scanf2a.s                       0x00000000   Number         0  scanf2a.o ABSOLUTE
    ../fplib/scanf2b.s                       0x00000000   Number         0  scanf2b.o ABSOLUTE
    ../fplib/trapv.s                         0x00000000   Number         0  trapv.o ABSOLUTE
    ../fplib/usenofp.s                       0x00000000   Number         0  usenofp.o ABSOLUTE
    ../mathlib/cosf.c                        0x00000000   Number         0  cosf.o ABSOLUTE
    ../mathlib/cosf.c                        0x00000000   Number         0  cosf_x.o ABSOLUTE
    ../mathlib/dunder.c                      0x00000000   Number         0  dunder.o ABSOLUTE
    ../mathlib/fpclassifyf.c                 0x00000000   Number         0  fpclassifyf.o ABSOLUTE
    ../mathlib/frexp.c                       0x00000000   Number         0  frexp.o ABSOLUTE
    ../mathlib/funder.c                      0x00000000   Number         0  funder.o ABSOLUTE
    ../mathlib/ldexp.c                       0x00000000   Number         0  ldexp_x.o ABSOLUTE
    ../mathlib/ldexp.c                       0x00000000   Number         0  ldexp.o ABSOLUTE
    ../mathlib/narrow.c                      0x00000000   Number         0  narrow.o ABSOLUTE
    ../mathlib/qnan.c                        0x00000000   Number         0  qnan.o ABSOLUTE
    ../mathlib/rredf.c                       0x00000000   Number         0  rredf.o ABSOLUTE
    ../mathlib/sinf.c                        0x00000000   Number         0  sinf.o ABSOLUTE
    ../mathlib/sinf.c                        0x00000000   Number         0  sinf_x.o ABSOLUTE
    ..\CORE\startup_stm32f40_41xxx.s         0x00000000   Number         0  startup_stm32f40_41xxx.o ABSOLUTE
    ..\FWLIB\src\misc.c                      0x00000000   Number         0  misc.o ABSOLUTE
    ..\FWLIB\src\stm32f4xx_gpio.c            0x00000000   Number         0  stm32f4xx_gpio.o ABSOLUTE
    ..\FWLIB\src\stm32f4xx_rcc.c             0x00000000   Number         0  stm32f4xx_rcc.o ABSOLUTE
    ..\FWLIB\src\stm32f4xx_syscfg.c          0x00000000   Number         0  stm32f4xx_syscfg.o ABSOLUTE
    ..\FWLIB\src\stm32f4xx_usart.c           0x00000000   Number         0  stm32f4xx_usart.o ABSOLUTE
    ..\HARDWARE\LED\led.c                    0x00000000   Number         0  led.o ABSOLUTE
    ..\SYSTEM\delay\delay.c                  0x00000000   Number         0  delay.o ABSOLUTE
    ..\SYSTEM\sys\sys.c                      0x00000000   Number         0  sys.o ABSOLUTE
    ..\SYSTEM\usart\usart.c                  0x00000000   Number         0  usart.o ABSOLUTE
    ..\\FWLIB\\src\\misc.c                   0x00000000   Number         0  misc.o ABSOLUTE
    ..\\FWLIB\\src\\stm32f4xx_gpio.c         0x00000000   Number         0  stm32f4xx_gpio.o ABSOLUTE
    ..\\FWLIB\\src\\stm32f4xx_rcc.c          0x00000000   Number         0  stm32f4xx_rcc.o ABSOLUTE
    ..\\FWLIB\\src\\stm32f4xx_syscfg.c       0x00000000   Number         0  stm32f4xx_syscfg.o ABSOLUTE
    ..\\FWLIB\\src\\stm32f4xx_usart.c        0x00000000   Number         0  stm32f4xx_usart.o ABSOLUTE
    ..\\HARDWARE\\LED\\led.c                 0x00000000   Number         0  led.o ABSOLUTE
    ..\\SYSTEM\\delay\\delay.c               0x00000000   Number         0  delay.o ABSOLUTE
    ..\\SYSTEM\\sys\\sys.c                   0x00000000   Number         0  sys.o ABSOLUTE
    ..\\SYSTEM\\usart\\usart.c               0x00000000   Number         0  usart.o ABSOLUTE
    dc.s                                     0x00000000   Number         0  dc.o ABSOLUTE
    main.c                                   0x00000000   Number         0  main.o ABSOLUTE
    main.c                                   0x00000000   Number         0  main.o ABSOLUTE
    stm32f4xx_it.c                           0x00000000   Number         0  stm32f4xx_it.o ABSOLUTE
    stm32f4xx_it.c                           0x00000000   Number         0  stm32f4xx_it.o ABSOLUTE
    system_stm32f4xx.c                       0x00000000   Number         0  system_stm32f4xx.o ABSOLUTE
    system_stm32f4xx.c                       0x00000000   Number         0  system_stm32f4xx.o ABSOLUTE
    RESET                                    0x08000000   Section      392  startup_stm32f40_41xxx.o(RESET)
    !!!main                                  0x08000188   Section        8  __main.o(!!!main)
    !!!scatter                               0x08000190   Section       52  __scatter.o(!!!scatter)
    !!handler_copy                           0x080001c4   Section       26  __scatter_copy.o(!!handler_copy)
    !!handler_zi                             0x080001e0   Section       28  __scatter_zi.o(!!handler_zi)
    .ARM.Collect$$libinit$$00000000          0x080001fc   Section        2  libinit.o(.ARM.Collect$$libinit$$00000000)
    .ARM.Collect$$libinit$$00000001          0x080001fe   Section        4  libinit2.o(.ARM.Collect$$libinit$$00000001)
    .ARM.Collect$$libinit$$00000004          0x08000202   Section        0  libinit2.o(.ARM.Collect$$libinit$$00000004)
    .ARM.Collect$$libinit$$0000000A          0x08000202   Section        0  libinit2.o(.ARM.Collect$$libinit$$0000000A)
    .ARM.Collect$$libinit$$0000000C          0x08000202   Section        0  libinit2.o(.ARM.Collect$$libinit$$0000000C)
    .ARM.Collect$$libinit$$0000000E          0x08000202   Section        0  libinit2.o(.ARM.Collect$$libinit$$0000000E)
    .ARM.Collect$$libinit$$0000000F          0x08000202   Section        6  libinit2.o(.ARM.Collect$$libinit$$0000000F)
    .ARM.Collect$$libinit$$00000011          0x08000208   Section        0  libinit2.o(.ARM.Collect$$libinit$$00000011)
    .ARM.Collect$$libinit$$00000012          0x08000208   Section       12  libinit2.o(.ARM.Collect$$libinit$$00000012)
    .ARM.Collect$$libinit$$00000013          0x08000214   Section        0  libinit2.o(.ARM.Collect$$libinit$$00000013)
    .ARM.Collect$$libinit$$00000015          0x08000214   Section        0  libinit2.o(.ARM.Collect$$libinit$$00000015)
    .ARM.Collect$$libinit$$00000016          0x08000214   Section       10  libinit2.o(.ARM.Collect$$libinit$$00000016)
    .ARM.Collect$$libinit$$00000017          0x0800021e   Section        0  libinit2.o(.ARM.Collect$$libinit$$00000017)
    .ARM.Collect$$libinit$$00000019          0x0800021e   Section        0  libinit2.o(.ARM.Collect$$libinit$$00000019)
    .ARM.Collect$$libinit$$0000001B          0x0800021e   Section        0  libinit2.o(.ARM.Collect$$libinit$$0000001B)
    .ARM.Collect$$libinit$$0000001D          0x0800021e   Section        0  libinit2.o(.ARM.Collect$$libinit$$0000001D)
    .ARM.Collect$$libinit$$0000001F          0x0800021e   Section        0  libinit2.o(.ARM.Collect$$libinit$$0000001F)
    .ARM.Collect$$libinit$$00000021          0x0800021e   Section        0  libinit2.o(.ARM.Collect$$libinit$$00000021)
    .ARM.Collect$$libinit$$00000023          0x0800021e   Section        0  libinit2.o(.ARM.Collect$$libinit$$00000023)
    .ARM.Collect$$libinit$$00000025          0x0800021e   Section        0  libinit2.o(.ARM.Collect$$libinit$$00000025)
    .ARM.Collect$$libinit$$0000002C          0x0800021e   Section        0  libinit2.o(.ARM.Collect$$libinit$$0000002C)
    .ARM.Collect$$libinit$$0000002E          0x0800021e   Section        0  libinit2.o(.ARM.Collect$$libinit$$0000002E)
    .ARM.Collect$$libinit$$00000030          0x0800021e   Section        0  libinit2.o(.ARM.Collect$$libinit$$00000030)
    .ARM.Collect$$libinit$$00000032          0x0800021e   Section        0  libinit2.o(.ARM.Collect$$libinit$$00000032)
    .ARM.Collect$$libinit$$00000033          0x0800021e   Section        2  libinit2.o(.ARM.Collect$$libinit$$00000033)
    .ARM.Collect$$libshutdown$$00000000      0x08000220   Section        2  libshutdown.o(.ARM.Collect$$libshutdown$$00000000)
    .ARM.Collect$$libshutdown$$00000002      0x08000222   Section        0  libshutdown2.o(.ARM.Collect$$libshutdown$$00000002)
    .ARM.Collect$$libshutdown$$00000004      0x08000222   Section        0  libshutdown2.o(.ARM.Collect$$libshutdown$$00000004)
    .ARM.Collect$$libshutdown$$00000007      0x08000222   Section        0  libshutdown2.o(.ARM.Collect$$libshutdown$$00000007)
    .ARM.Collect$$libshutdown$$0000000A      0x08000222   Section        0  libshutdown2.o(.ARM.Collect$$libshutdown$$0000000A)
    .ARM.Collect$$libshutdown$$0000000C      0x08000222   Section        0  libshutdown2.o(.ARM.Collect$$libshutdown$$0000000C)
    .ARM.Collect$$libshutdown$$0000000F      0x08000222   Section        0  libshutdown2.o(.ARM.Collect$$libshutdown$$0000000F)
    .ARM.Collect$$libshutdown$$00000010      0x08000222   Section        2  libshutdown2.o(.ARM.Collect$$libshutdown$$00000010)
    .ARM.Collect$$rtentry$$00000000          0x08000224   Section        0  __rtentry.o(.ARM.Collect$$rtentry$$00000000)
    .ARM.Collect$$rtentry$$00000002          0x08000224   Section        0  __rtentry2.o(.ARM.Collect$$rtentry$$00000002)
    .ARM.Collect$$rtentry$$00000004          0x08000224   Section        6  __rtentry4.o(.ARM.Collect$$rtentry$$00000004)
    .ARM.Collect$$rtentry$$00000009          0x0800022a   Section        0  __rtentry2.o(.ARM.Collect$$rtentry$$00000009)
    .ARM.Collect$$rtentry$$0000000A          0x0800022a   Section        4  __rtentry2.o(.ARM.Collect$$rtentry$$0000000A)
    .ARM.Collect$$rtentry$$0000000C          0x0800022e   Section        0  __rtentry2.o(.ARM.Collect$$rtentry$$0000000C)
    .ARM.Collect$$rtentry$$0000000D          0x0800022e   Section        8  __rtentry2.o(.ARM.Collect$$rtentry$$0000000D)
    .ARM.Collect$$rtexit$$00000000           0x08000236   Section        2  rtexit.o(.ARM.Collect$$rtexit$$00000000)
    .ARM.Collect$$rtexit$$00000002           0x08000238   Section        0  rtexit2.o(.ARM.Collect$$rtexit$$00000002)
    .ARM.Collect$$rtexit$$00000003           0x08000238   Section        4  rtexit2.o(.ARM.Collect$$rtexit$$00000003)
    .ARM.Collect$$rtexit$$00000004           0x0800023c   Section        6  rtexit2.o(.ARM.Collect$$rtexit$$00000004)
    .text                                    0x08000244   Section       64  startup_stm32f40_41xxx.o(.text)
    $v0                                      0x08000244   Number         0  startup_stm32f40_41xxx.o(.text)
    .text                                    0x08000284   Section        2  use_no_semi_2.o(.text)
    .text                                    0x08000288   Section        0  __0sscanf.o(.text)
    .text                                    0x080002c4   Section        0  _scanf_str.o(.text)
    .text                                    0x080003a4   Section      100  rt_memcpy_w.o(.text)
    .text                                    0x08000408   Section       68  rt_memclr.o(.text)
    .text                                    0x0800044c   Section      128  strcmpv7m.o(.text)
    .text                                    0x080004cc   Section        0  heapauxi.o(.text)
    .text                                    0x080004d2   Section        2  use_no_semi.o(.text)
    .text                                    0x080004d4   Section        0  _rserrno.o(.text)
    .text                                    0x080004ec   Section        0  scanf_fp.o(.text)
    _fp_value                                0x080004ed   Thumb Code   588  scanf_fp.o(.text)
    .text                                    0x080009e4   Section        0  scanf_char.o(.text)
    _scanf_char_input                        0x080009e5   Thumb Code    12  scanf_char.o(.text)
    .text                                    0x08000a10   Section        0  _sgetc.o(.text)
    .text                                    0x08000a50   Section       78  rt_memclr_w.o(.text)
    .text                                    0x08000aa0   Section        8  rt_locale_intlibspace.o(.text)
    .text                                    0x08000aa8   Section        8  rt_errno_addr_intlibspace.o(.text)
    .text                                    0x08000ab0   Section        0  isspace.o(.text)
    .text                                    0x08000ac4   Section        0  _scanf.o(.text)
    .text                                    0x08000e38   Section        0  bigflt0.o(.text)
    .text                                    0x08000f1c   Section        8  libspace.o(.text)
    .text                                    0x08000f24   Section       74  sys_stackheap_outer.o(.text)
    .text                                    0x08000f70   Section       16  rt_ctype_table.o(.text)
    .text                                    0x08000f80   Section        0  scanf_hexfp.o(.text)
    .text                                    0x080012a0   Section        0  scanf_infnan.o(.text)
    .text                                    0x080013d4   Section        0  exit.o(.text)
    .text                                    0x080013e6   Section       38  llshl.o(.text)
    .text                                    0x0800140c   Section        0  _chval.o(.text)
    CL$$btod_div_common                      0x08001428   Section      824  btod.o(CL$$btod_div_common)
    CL$$btod_e2d                             0x08001760   Section      132  btod.o(CL$$btod_e2d)
    CL$$btod_e2e                             0x080017e4   Section      220  btod.o(CL$$btod_e2e)
    CL$$btod_ediv                            0x080018c0   Section       42  btod.o(CL$$btod_ediv)
    CL$$btod_edivd                           0x080018ea   Section       42  btod.o(CL$$btod_edivd)
    CL$$btod_emul                            0x08001914   Section       42  btod.o(CL$$btod_emul)
    CL$$btod_emuld                           0x0800193e   Section       42  btod.o(CL$$btod_emuld)
    CL$$btod_mult_common                     0x08001968   Section      580  btod.o(CL$$btod_mult_common)
    i.BusFault_Handler                       0x08001bac   Section        0  stm32f4xx_it.o(i.BusFault_Handler)
    i.DebugMon_Handler                       0x08001bb0   Section        0  stm32f4xx_it.o(i.DebugMon_Handler)
    i.GPIO_Init                              0x08001bb2   Section        0  stm32f4xx_gpio.o(i.GPIO_Init)
    i.GPIO_PinAFConfig                       0x08001c42   Section        0  stm32f4xx_gpio.o(i.GPIO_PinAFConfig)
    i.GPIO_SetBits                           0x08001c88   Section        0  stm32f4xx_gpio.o(i.GPIO_SetBits)
    i.HardFault_Handler                      0x08001c8c   Section        0  stm32f4xx_it.o(i.HardFault_Handler)
    i.LED_Init                               0x08001c90   Section        0  led.o(i.LED_Init)
    i.MemManage_Handler                      0x08001cd0   Section        0  stm32f4xx_it.o(i.MemManage_Handler)
    i.NMI_Handler                            0x08001cd4   Section        0  stm32f4xx_it.o(i.NMI_Handler)
    i.NVIC_Init                              0x08001cd8   Section        0  misc.o(i.NVIC_Init)
    i.PendSV_Handler                         0x08001d50   Section        0  stm32f4xx_it.o(i.PendSV_Handler)
    i.RCC_AHB1PeriphClockCmd                 0x08001d54   Section        0  stm32f4xx_rcc.o(i.RCC_AHB1PeriphClockCmd)
    i.RCC_APB2PeriphClockCmd                 0x08001d74   Section        0  stm32f4xx_rcc.o(i.RCC_APB2PeriphClockCmd)
    i.RCC_GetClocksFreq                      0x08001d94   Section        0  stm32f4xx_rcc.o(i.RCC_GetClocksFreq)
    i.SVC_Handler                            0x08001e7c   Section        0  stm32f4xx_it.o(i.SVC_Handler)
    i.SetSysClock                            0x08001e80   Section        0  system_stm32f4xx.o(i.SetSysClock)
    SetSysClock                              0x08001e81   Thumb Code   220  system_stm32f4xx.o(i.SetSysClock)
    i.SysTick_CLKSourceConfig                0x08001f6c   Section        0  misc.o(i.SysTick_CLKSourceConfig)
    i.SysTick_Handler                        0x08001f94   Section        0  stm32f4xx_it.o(i.SysTick_Handler)
    i.SystemInit                             0x08001f98   Section        0  system_stm32f4xx.o(i.SystemInit)
    i.USART1_IRQHandler                      0x08002000   Section        0  usart.o(i.USART1_IRQHandler)
    i.USART_Cmd                              0x08002070   Section        0  stm32f4xx_usart.o(i.USART_Cmd)
    i.USART_GetFlagStatus                    0x08002088   Section        0  stm32f4xx_usart.o(i.USART_GetFlagStatus)
    i.USART_GetITStatus                      0x080020a2   Section        0  stm32f4xx_usart.o(i.USART_GetITStatus)
    i.USART_ITConfig                         0x080020f6   Section        0  stm32f4xx_usart.o(i.USART_ITConfig)
    i.USART_Init                             0x08002140   Section        0  stm32f4xx_usart.o(i.USART_Init)
    i.USART_ReceiveData                      0x08002214   Section        0  stm32f4xx_usart.o(i.USART_ReceiveData)
    i.USART_SendData                         0x0800221e   Section        0  stm32f4xx_usart.o(i.USART_SendData)
    i.UsageFault_Handler                     0x08002226   Section        0  stm32f4xx_it.o(i.UsageFault_Handler)
    i.__ARM_fpclassifyf                      0x0800222a   Section        0  fpclassifyf.o(i.__ARM_fpclassifyf)
    i.__hardfp___mathlib_tofloat             0x08002250   Section        0  narrow.o(i.__hardfp___mathlib_tofloat)
    i.__hardfp_cosf                          0x08002348   Section        0  cosf.o(i.__hardfp_cosf)
    i.__hardfp_ldexp                         0x08002498   Section        0  ldexp.o(i.__hardfp_ldexp)
    i.__hardfp_sinf                          0x08002568   Section        0  sinf.o(i.__hardfp_sinf)
    i.__mathlib_dbl_overflow                 0x080026f8   Section        0  dunder.o(i.__mathlib_dbl_overflow)
    i.__mathlib_dbl_underflow                0x08002718   Section        0  dunder.o(i.__mathlib_dbl_underflow)
    i.__mathlib_flt_infnan                   0x08002738   Section        0  funder.o(i.__mathlib_flt_infnan)
    i.__mathlib_flt_invalid                  0x08002740   Section        0  funder.o(i.__mathlib_flt_invalid)
    i.__mathlib_flt_underflow                0x08002750   Section        0  funder.o(i.__mathlib_flt_underflow)
    i.__mathlib_narrow                       0x08002760   Section        0  narrow.o(i.__mathlib_narrow)
    i.__mathlib_rredf2                       0x08002774   Section        0  rredf.o(i.__mathlib_rredf2)
    i.__support_ldexp                        0x080028c8   Section        0  ldexp.o(i.__support_ldexp)
    i._is_digit                              0x080028dc   Section        0  scanf_fp.o(i._is_digit)
    i._sys_exit                              0x080028ea   Section        0  usart.o(i._sys_exit)
    i.delay_init                             0x080028f0   Section        0  delay.o(i.delay_init)
    i.frexp                                  0x08002930   Section        0  frexp.o(i.frexp)
    i.get_cmd                                0x080029bc   Section        0  main.o(i.get_cmd)
    i.getdatas                               0x08002a14   Section        0  main.o(i.getdatas)
    i.main                                   0x08002a8c   Section        0  main.o(i.main)
    i.send_wave                              0x08002ab0   Section        0  main.o(i.send_wave)
    i.usart_get_data                         0x08002bb8   Section        0  usart.o(i.usart_get_data)
    i.usart_init                             0x08002c14   Section        0  usart.o(i.usart_init)
    i.usart_senddatas                        0x08002cc0   Section        0  usart.o(i.usart_senddatas)
    locale$$code                             0x08002cec   Section       44  lc_numeric_c.o(locale$$code)
    locale$$code                             0x08002d18   Section       44  lc_ctype_c.o(locale$$code)
    x$fpl$d2f                                0x08002d44   Section       98  d2f.o(x$fpl$d2f)
    $v0                                      0x08002d44   Number         0  d2f.o(x$fpl$d2f)
    x$fpl$dcheck1                            0x08002da8   Section       16  dcheck1.o(x$fpl$dcheck1)
    $v0                                      0x08002da8   Number         0  dcheck1.o(x$fpl$dcheck1)
    x$fpl$dcmpinf                            0x08002db8   Section       24  dcmpi.o(x$fpl$dcmpinf)
    $v0                                      0x08002db8   Number         0  dcmpi.o(x$fpl$dcmpinf)
    x$fpl$deqf                               0x08002dd0   Section      120  deqf.o(x$fpl$deqf)
    $v0                                      0x08002dd0   Number         0  deqf.o(x$fpl$deqf)
    x$fpl$dleqf                              0x08002e48   Section      120  dleqf.o(x$fpl$dleqf)
    $v0                                      0x08002e48   Number         0  dleqf.o(x$fpl$dleqf)
    x$fpl$dmul                               0x08002ec0   Section      340  dmul.o(x$fpl$dmul)
    $v0                                      0x08002ec0   Number         0  dmul.o(x$fpl$dmul)
    x$fpl$dnaninf                            0x08003014   Section      156  dnaninf.o(x$fpl$dnaninf)
    $v0                                      0x08003014   Number         0  dnaninf.o(x$fpl$dnaninf)
    x$fpl$dretinf                            0x080030b0   Section       12  dretinf.o(x$fpl$dretinf)
    $v0                                      0x080030b0   Number         0  dretinf.o(x$fpl$dretinf)
    x$fpl$drleqf                             0x080030bc   Section      108  drleqf.o(x$fpl$drleqf)
    $v0                                      0x080030bc   Number         0  drleqf.o(x$fpl$drleqf)
    x$fpl$fpinit                             0x08003128   Section       10  fpinit.o(x$fpl$fpinit)
    $v0                                      0x08003128   Number         0  fpinit.o(x$fpl$fpinit)
    x$fpl$fretinf                            0x08003132   Section       10  fretinf.o(x$fpl$fretinf)
    $v0                                      0x08003132   Number         0  fretinf.o(x$fpl$fretinf)
    x$fpl$ieeestatus                         0x0800313c   Section        6  istatus.o(x$fpl$ieeestatus)
    $v0                                      0x0800313c   Number         0  istatus.o(x$fpl$ieeestatus)
    x$fpl$retnan                             0x08003142   Section      100  retnan.o(x$fpl$retnan)
    $v0                                      0x08003142   Number         0  retnan.o(x$fpl$retnan)
    x$fpl$scalbn                             0x080031a6   Section       92  scalbn.o(x$fpl$scalbn)
    $v0                                      0x080031a6   Number         0  scalbn.o(x$fpl$scalbn)
    x$fpl$scanf1                             0x08003202   Section        4  scanf1.o(x$fpl$scanf1)
    $v0                                      0x08003202   Number         0  scanf1.o(x$fpl$scanf1)
    x$fpl$scanf2                             0x08003206   Section        8  scanf2.o(x$fpl$scanf2)
    $v0                                      0x08003206   Number         0  scanf2.o(x$fpl$scanf2)
    x$fpl$trapveneer                         0x0800320e   Section       48  trapv.o(x$fpl$trapveneer)
    $v0                                      0x0800320e   Number         0  trapv.o(x$fpl$trapveneer)
    x$fpl$usenofp                            0x0800323e   Section        0  usenofp.o(x$fpl$usenofp)
    .constdata                               0x08003240   Section       32  rredf.o(.constdata)
    twooverpi                                0x08003240   Data          32  rredf.o(.constdata)
    .constdata                               0x08003260   Section      148  bigflt0.o(.constdata)
    tenpwrs_x                                0x08003260   Data          60  bigflt0.o(.constdata)
    tenpwrs_i                                0x0800329c   Data          64  bigflt0.o(.constdata)
    c$$dinf                                  0x08003314   Section        8  fpconst.o(c$$dinf)
    c$$dmax                                  0x0800331c   Section        8  fpconst.o(c$$dmax)
    locale$$data                             0x08003324   Section       28  lc_numeric_c.o(locale$$data)
    __lcnum_c_name                           0x08003328   Data           2  lc_numeric_c.o(locale$$data)
    __lcnum_c_start                          0x08003330   Data           0  lc_numeric_c.o(locale$$data)
    __lcnum_c_point                          0x0800333c   Data           0  lc_numeric_c.o(locale$$data)
    __lcnum_c_thousands                      0x0800333e   Data           0  lc_numeric_c.o(locale$$data)
    __lcnum_c_grouping                       0x0800333f   Data           0  lc_numeric_c.o(locale$$data)
    locale$$data                             0x08003340   Section      272  lc_ctype_c.o(locale$$data)
    __lcnum_c_end                            0x08003340   Data           0  lc_numeric_c.o(locale$$data)
    __lcctype_c_name                         0x08003344   Data           2  lc_ctype_c.o(locale$$data)
    __lcctype_c_start                        0x0800334c   Data           0  lc_ctype_c.o(locale$$data)
    __lcctype_c_end                          0x08003450   Data           0  lc_ctype_c.o(locale$$data)
    .data                                    0x20000000   Section       16  main.o(.data)
    x                                        0x2000000c   Data           4  main.o(.data)
    .data                                    0x20000010   Section        4  delay.o(.data)
    fac_us                                   0x20000010   Data           1  delay.o(.data)
    fac_ms                                   0x20000012   Data           2  delay.o(.data)
    .data                                    0x20000014   Section        6  usart.o(.data)
    count                                    0x20000019   Data           1  usart.o(.data)
    .data                                    0x2000001a   Section       16  stm32f4xx_rcc.o(.data)
    APBAHBPrescTable                         0x2000001a   Data          16  stm32f4xx_rcc.o(.data)
    .bss                                     0x2000002c   Section       16  main.o(.bss)
    .bss                                     0x2000003c   Section       30  usart.o(.bss)
    .bss                                     0x2000005c   Section       96  libspace.o(.bss)
    HEAP                                     0x200000c0   Section      512  startup_stm32f40_41xxx.o(HEAP)
    Heap_Mem                                 0x200000c0   Data         512  startup_stm32f40_41xxx.o(HEAP)
    STACK                                    0x200002c0   Section     1024  startup_stm32f40_41xxx.o(STACK)
    Stack_Mem                                0x200002c0   Data        1024  startup_stm32f40_41xxx.o(STACK)
    __initial_sp                             0x200006c0   Data           0  startup_stm32f40_41xxx.o(STACK)

    Global Symbols

    Symbol Name                              Value     Ov Type        Size  Object(Section)

    BuildAttributes$$THM_ISAv4$E$P$D$K$B$S$7EM$VFPi3$EXTD16$VFPS$VFMA$PE$A:L22UL41UL21$X:L11$S22US41US21$IEEE1$IW$USESV6$~STKCKD$USESV7$~SHL$OTIME$ROPI$IEEEX$EBA8$UX$STANDARDLIB$REQ8$PRES8$EABIv2 0x00000000   Number         0  anon$$obj.o ABSOLUTE
    __ARM_use_no_argv                        0x00000000   Number         0  main.o ABSOLUTE
    __ARM_exceptions_init                     - Undefined Weak Reference
    __alloca_initialize                       - Undefined Weak Reference
    __arm_preinit_                            - Undefined Weak Reference
    __cpp_initialize__aeabi_                  - Undefined Weak Reference
    __cxa_finalize                            - Undefined Weak Reference
    __sigvec_lookup                           - Undefined Weak Reference
    _atexit_init                              - Undefined Weak Reference
    _call_atexit_fns                          - Undefined Weak Reference
    _clock_init                               - Undefined Weak Reference
    _fp_trap_init                             - Undefined Weak Reference
    _fp_trap_shutdown                         - Undefined Weak Reference
    _get_lc_collate                           - Undefined Weak Reference
    _get_lc_monetary                          - Undefined Weak Reference
    _get_lc_time                              - Undefined Weak Reference
    _getenv_init                              - Undefined Weak Reference
    _handle_redirection                       - Undefined Weak Reference
    _init_alloc                               - Undefined Weak Reference
    _init_user_alloc                          - Undefined Weak Reference
    _initio                                   - Undefined Weak Reference
    _rand_init                                - Undefined Weak Reference
    _scanf_int                                - Undefined Weak Reference
    _scanf_longlong                           - Undefined Weak Reference
    _scanf_mbtowc                             - Undefined Weak Reference
    _scanf_wctomb                             - Undefined Weak Reference
    _scanf_wstring                            - Undefined Weak Reference
    _signal_finish                            - Undefined Weak Reference
    _signal_init                              - Undefined Weak Reference
    _terminate_alloc                          - Undefined Weak Reference
    _terminate_user_alloc                     - Undefined Weak Reference
    _terminateio                              - Undefined Weak Reference
    __Vectors_Size                           0x00000188   Number         0  startup_stm32f40_41xxx.o ABSOLUTE
    __Vectors                                0x08000000   Data           4  startup_stm32f40_41xxx.o(RESET)
    __Vectors_End                            0x08000188   Data           0  startup_stm32f40_41xxx.o(RESET)
    __main                                   0x08000189   Thumb Code     8  __main.o(!!!main)
    __scatterload                            0x08000191   Thumb Code     0  __scatter.o(!!!scatter)
    __scatterload_rt2                        0x08000191   Thumb Code    44  __scatter.o(!!!scatter)
    __scatterload_rt2_thumb_only             0x08000191   Thumb Code     0  __scatter.o(!!!scatter)
    __scatterload_null                       0x0800019f   Thumb Code     0  __scatter.o(!!!scatter)
    __scatterload_copy                       0x080001c5   Thumb Code    26  __scatter_copy.o(!!handler_copy)
    __scatterload_zeroinit                   0x080001e1   Thumb Code    28  __scatter_zi.o(!!handler_zi)
    __rt_lib_init                            0x080001fd   Thumb Code     0  libinit.o(.ARM.Collect$$libinit$$00000000)
    __rt_lib_init_fp_1                       0x080001ff   Thumb Code     0  libinit2.o(.ARM.Collect$$libinit$$00000001)
    __rt_lib_init_heap_1                     0x08000203   Thumb Code     0  libinit2.o(.ARM.Collect$$libinit$$0000000A)
    __rt_lib_init_lc_common                  0x08000203   Thumb Code     0  libinit2.o(.ARM.Collect$$libinit$$0000000F)
    __rt_lib_init_preinit_1                  0x08000203   Thumb Code     0  libinit2.o(.ARM.Collect$$libinit$$00000004)
    __rt_lib_init_rand_1                     0x08000203   Thumb Code     0  libinit2.o(.ARM.Collect$$libinit$$0000000E)
    __rt_lib_init_user_alloc_1               0x08000203   Thumb Code     0  libinit2.o(.ARM.Collect$$libinit$$0000000C)
    __rt_lib_init_lc_collate_1               0x08000209   Thumb Code     0  libinit2.o(.ARM.Collect$$libinit$$00000011)
    __rt_lib_init_lc_ctype_2                 0x08000209   Thumb Code     0  libinit2.o(.ARM.Collect$$libinit$$00000012)
    __rt_lib_init_lc_ctype_1                 0x08000215   Thumb Code     0  libinit2.o(.ARM.Collect$$libinit$$00000013)
    __rt_lib_init_lc_monetary_1              0x08000215   Thumb Code     0  libinit2.o(.ARM.Collect$$libinit$$00000015)
    __rt_lib_init_lc_numeric_2               0x08000215   Thumb Code     0  libinit2.o(.ARM.Collect$$libinit$$00000016)
    __rt_lib_init_alloca_1                   0x0800021f   Thumb Code     0  libinit2.o(.ARM.Collect$$libinit$$0000002E)
    __rt_lib_init_argv_1                     0x0800021f   Thumb Code     0  libinit2.o(.ARM.Collect$$libinit$$0000002C)
    __rt_lib_init_atexit_1                   0x0800021f   Thumb Code     0  libinit2.o(.ARM.Collect$$libinit$$0000001B)
    __rt_lib_init_clock_1                    0x0800021f   Thumb Code     0  libinit2.o(.ARM.Collect$$libinit$$00000021)
    __rt_lib_init_cpp_1                      0x0800021f   Thumb Code     0  libinit2.o(.ARM.Collect$$libinit$$00000032)
    __rt_lib_init_exceptions_1               0x0800021f   Thumb Code     0  libinit2.o(.ARM.Collect$$libinit$$00000030)
    __rt_lib_init_fp_trap_1                  0x0800021f   Thumb Code     0  libinit2.o(.ARM.Collect$$libinit$$0000001F)
    __rt_lib_init_getenv_1                   0x0800021f   Thumb Code     0  libinit2.o(.ARM.Collect$$libinit$$00000023)
    __rt_lib_init_lc_numeric_1               0x0800021f   Thumb Code     0  libinit2.o(.ARM.Collect$$libinit$$00000017)
    __rt_lib_init_lc_time_1                  0x0800021f   Thumb Code     0  libinit2.o(.ARM.Collect$$libinit$$00000019)
    __rt_lib_init_return                     0x0800021f   Thumb Code     0  libinit2.o(.ARM.Collect$$libinit$$00000033)
    __rt_lib_init_signal_1                   0x0800021f   Thumb Code     0  libinit2.o(.ARM.Collect$$libinit$$0000001D)
    __rt_lib_init_stdio_1                    0x0800021f   Thumb Code     0  libinit2.o(.ARM.Collect$$libinit$$00000025)
    __rt_lib_shutdown                        0x08000221   Thumb Code     0  libshutdown.o(.ARM.Collect$$libshutdown$$00000000)
    __rt_lib_shutdown_cpp_1                  0x08000223   Thumb Code     0  libshutdown2.o(.ARM.Collect$$libshutdown$$00000002)
    __rt_lib_shutdown_fp_trap_1              0x08000223   Thumb Code     0  libshutdown2.o(.ARM.Collect$$libshutdown$$00000007)
    __rt_lib_shutdown_heap_1                 0x08000223   Thumb Code     0  libshutdown2.o(.ARM.Collect$$libshutdown$$0000000F)
    __rt_lib_shutdown_return                 0x08000223   Thumb Code     0  libshutdown2.o(.ARM.Collect$$libshutdown$$00000010)
    __rt_lib_shutdown_signal_1               0x08000223   Thumb Code     0  libshutdown2.o(.ARM.Collect$$libshutdown$$0000000A)
    __rt_lib_shutdown_stdio_1                0x08000223   Thumb Code     0  libshutdown2.o(.ARM.Collect$$libshutdown$$00000004)
    __rt_lib_shutdown_user_alloc_1           0x08000223   Thumb Code     0  libshutdown2.o(.ARM.Collect$$libshutdown$$0000000C)
    __rt_entry                               0x08000225   Thumb Code     0  __rtentry.o(.ARM.Collect$$rtentry$$00000000)
    __rt_entry_presh_1                       0x08000225   Thumb Code     0  __rtentry2.o(.ARM.Collect$$rtentry$$00000002)
    __rt_entry_sh                            0x08000225   Thumb Code     0  __rtentry4.o(.ARM.Collect$$rtentry$$00000004)
    __rt_entry_li                            0x0800022b   Thumb Code     0  __rtentry2.o(.ARM.Collect$$rtentry$$0000000A)
    __rt_entry_postsh_1                      0x0800022b   Thumb Code     0  __rtentry2.o(.ARM.Collect$$rtentry$$00000009)
    __rt_entry_main                          0x0800022f   Thumb Code     0  __rtentry2.o(.ARM.Collect$$rtentry$$0000000D)
    __rt_entry_postli_1                      0x0800022f   Thumb Code     0  __rtentry2.o(.ARM.Collect$$rtentry$$0000000C)
    __rt_exit                                0x08000237   Thumb Code     0  rtexit.o(.ARM.Collect$$rtexit$$00000000)
    __rt_exit_ls                             0x08000239   Thumb Code     0  rtexit2.o(.ARM.Collect$$rtexit$$00000003)
    __rt_exit_prels_1                        0x08000239   Thumb Code     0  rtexit2.o(.ARM.Collect$$rtexit$$00000002)
    __rt_exit_exit                           0x0800023d   Thumb Code     0  rtexit2.o(.ARM.Collect$$rtexit$$00000004)
    Reset_Handler                            0x08000245   Thumb Code     8  startup_stm32f40_41xxx.o(.text)
    ADC_IRQHandler                           0x0800025f   Thumb Code     0  startup_stm32f40_41xxx.o(.text)
    CAN1_RX0_IRQHandler                      0x0800025f   Thumb Code     0  startup_stm32f40_41xxx.o(.text)
    CAN1_RX1_IRQHandler                      0x0800025f   Thumb Code     0  startup_stm32f40_41xxx.o(.text)
    CAN1_SCE_IRQHandler                      0x0800025f   Thumb Code     0  startup_stm32f40_41xxx.o(.text)
    CAN1_TX_IRQHandler                       0x0800025f   Thumb Code     0  startup_stm32f40_41xxx.o(.text)
    CAN2_RX0_IRQHandler                      0x0800025f   Thumb Code     0  startup_stm32f40_41xxx.o(.text)
    CAN2_RX1_IRQHandler                      0x0800025f   Thumb Code     0  startup_stm32f40_41xxx.o(.text)
    CAN2_SCE_IRQHandler                      0x0800025f   Thumb Code     0  startup_stm32f40_41xxx.o(.text)
    CAN2_TX_IRQHandler                       0x0800025f   Thumb Code     0  startup_stm32f40_41xxx.o(.text)
    CRYP_IRQHandler                          0x0800025f   Thumb Code     0  startup_stm32f40_41xxx.o(.text)
    DCMI_IRQHandler                          0x0800025f   Thumb Code     0  startup_stm32f40_41xxx.o(.text)
    DMA1_Stream0_IRQHandler                  0x0800025f   Thumb Code     0  startup_stm32f40_41xxx.o(.text)
    DMA1_Stream1_IRQHandler                  0x0800025f   Thumb Code     0  startup_stm32f40_41xxx.o(.text)
    DMA1_Stream2_IRQHandler                  0x0800025f   Thumb Code     0  startup_stm32f40_41xxx.o(.text)
    DMA1_Stream3_IRQHandler                  0x0800025f   Thumb Code     0  startup_stm32f40_41xxx.o(.text)
    DMA1_Stream4_IRQHandler                  0x0800025f   Thumb Code     0  startup_stm32f40_41xxx.o(.text)
    DMA1_Stream5_IRQHandler                  0x0800025f   Thumb Code     0  startup_stm32f40_41xxx.o(.text)
    DMA1_Stream6_IRQHandler                  0x0800025f   Thumb Code     0  startup_stm32f40_41xxx.o(.text)
    DMA1_Stream7_IRQHandler                  0x0800025f   Thumb Code     0  startup_stm32f40_41xxx.o(.text)
    DMA2_Stream0_IRQHandler                  0x0800025f   Thumb Code     0  startup_stm32f40_41xxx.o(.text)
    DMA2_Stream1_IRQHandler                  0x0800025f   Thumb Code     0  startup_stm32f40_41xxx.o(.text)
    DMA2_Stream2_IRQHandler                  0x0800025f   Thumb Code     0  startup_stm32f40_41xxx.o(.text)
    DMA2_Stream3_IRQHandler                  0x0800025f   Thumb Code     0  startup_stm32f40_41xxx.o(.text)
    DMA2_Stream4_IRQHandler                  0x0800025f   Thumb Code     0  startup_stm32f40_41xxx.o(.text)
    DMA2_Stream5_IRQHandler                  0x0800025f   Thumb Code     0  startup_stm32f40_41xxx.o(.text)
    DMA2_Stream6_IRQHandler                  0x0800025f   Thumb Code     0  startup_stm32f40_41xxx.o(.text)
    DMA2_Stream7_IRQHandler                  0x0800025f   Thumb Code     0  startup_stm32f40_41xxx.o(.text)
    ETH_IRQHandler                           0x0800025f   Thumb Code     0  startup_stm32f40_41xxx.o(.text)
    ETH_WKUP_IRQHandler                      0x0800025f   Thumb Code     0  startup_stm32f40_41xxx.o(.text)
    EXTI0_IRQHandler                         0x0800025f   Thumb Code     0  startup_stm32f40_41xxx.o(.text)
    EXTI15_10_IRQHandler                     0x0800025f   Thumb Code     0  startup_stm32f40_41xxx.o(.text)
    EXTI1_IRQHandler                         0x0800025f   Thumb Code     0  startup_stm32f40_41xxx.o(.text)
    EXTI2_IRQHandler                         0x0800025f   Thumb Code     0  startup_stm32f40_41xxx.o(.text)
    EXTI3_IRQHandler                         0x0800025f   Thumb Code     0  startup_stm32f40_41xxx.o(.text)
    EXTI4_IRQHandler                         0x0800025f   Thumb Code     0  startup_stm32f40_41xxx.o(.text)
    EXTI9_5_IRQHandler                       0x0800025f   Thumb Code     0  startup_stm32f40_41xxx.o(.text)
    FLASH_IRQHandler                         0x0800025f   Thumb Code     0  startup_stm32f40_41xxx.o(.text)
    FPU_IRQHandler                           0x0800025f   Thumb Code     0  startup_stm32f40_41xxx.o(.text)
    FSMC_IRQHandler                          0x0800025f   Thumb Code     0  startup_stm32f40_41xxx.o(.text)
    HASH_RNG_IRQHandler                      0x0800025f   Thumb Code     0  startup_stm32f40_41xxx.o(.text)
    I2C1_ER_IRQHandler                       0x0800025f   Thumb Code     0  startup_stm32f40_41xxx.o(.text)
    I2C1_EV_IRQHandler                       0x0800025f   Thumb Code     0  startup_stm32f40_41xxx.o(.text)
    I2C2_ER_IRQHandler                       0x0800025f   Thumb Code     0  startup_stm32f40_41xxx.o(.text)
    I2C2_EV_IRQHandler                       0x0800025f   Thumb Code     0  startup_stm32f40_41xxx.o(.text)
    I2C3_ER_IRQHandler                       0x0800025f   Thumb Code     0  startup_stm32f40_41xxx.o(.text)
    I2C3_EV_IRQHandler                       0x0800025f   Thumb Code     0  startup_stm32f40_41xxx.o(.text)
    OTG_FS_IRQHandler                        0x0800025f   Thumb Code     0  startup_stm32f40_41xxx.o(.text)
    OTG_FS_WKUP_IRQHandler                   0x0800025f   Thumb Code     0  startup_stm32f40_41xxx.o(.text)
    OTG_HS_EP1_IN_IRQHandler                 0x0800025f   Thumb Code     0  startup_stm32f40_41xxx.o(.text)
    OTG_HS_EP1_OUT_IRQHandler                0x0800025f   Thumb Code     0  startup_stm32f40_41xxx.o(.text)
    OTG_HS_IRQHandler                        0x0800025f   Thumb Code     0  startup_stm32f40_41xxx.o(.text)
    OTG_HS_WKUP_IRQHandler                   0x0800025f   Thumb Code     0  startup_stm32f40_41xxx.o(.text)
    PVD_IRQHandler                           0x0800025f   Thumb Code     0  startup_stm32f40_41xxx.o(.text)
    RCC_IRQHandler                           0x0800025f   Thumb Code     0  startup_stm32f40_41xxx.o(.text)
    RTC_Alarm_IRQHandler                     0x0800025f   Thumb Code     0  startup_stm32f40_41xxx.o(.text)
    RTC_WKUP_IRQHandler                      0x0800025f   Thumb Code     0  startup_stm32f40_41xxx.o(.text)
    SDIO_IRQHandler                          0x0800025f   Thumb Code     0  startup_stm32f40_41xxx.o(.text)
    SPI1_IRQHandler                          0x0800025f   Thumb Code     0  startup_stm32f40_41xxx.o(.text)
    SPI2_IRQHandler                          0x0800025f   Thumb Code     0  startup_stm32f40_41xxx.o(.text)
    SPI3_IRQHandler                          0x0800025f   Thumb Code     0  startup_stm32f40_41xxx.o(.text)
    TAMP_STAMP_IRQHandler                    0x0800025f   Thumb Code     0  startup_stm32f40_41xxx.o(.text)
    TIM1_BRK_TIM9_IRQHandler                 0x0800025f   Thumb Code     0  startup_stm32f40_41xxx.o(.text)
    TIM1_CC_IRQHandler                       0x0800025f   Thumb Code     0  startup_stm32f40_41xxx.o(.text)
    TIM1_TRG_COM_TIM11_IRQHandler            0x0800025f   Thumb Code     0  startup_stm32f40_41xxx.o(.text)
    TIM1_UP_TIM10_IRQHandler                 0x0800025f   Thumb Code     0  startup_stm32f40_41xxx.o(.text)
    TIM2_IRQHandler                          0x0800025f   Thumb Code     0  startup_stm32f40_41xxx.o(.text)
    TIM3_IRQHandler                          0x0800025f   Thumb Code     0  startup_stm32f40_41xxx.o(.text)
    TIM4_IRQHandler                          0x0800025f   Thumb Code     0  startup_stm32f40_41xxx.o(.text)
    TIM5_IRQHandler                          0x0800025f   Thumb Code     0  startup_stm32f40_41xxx.o(.text)
    TIM6_DAC_IRQHandler                      0x0800025f   Thumb Code     0  startup_stm32f40_41xxx.o(.text)
    TIM7_IRQHandler                          0x0800025f   Thumb Code     0  startup_stm32f40_41xxx.o(.text)
    TIM8_BRK_TIM12_IRQHandler                0x0800025f   Thumb Code     0  startup_stm32f40_41xxx.o(.text)
    TIM8_CC_IRQHandler                       0x0800025f   Thumb Code     0  startup_stm32f40_41xxx.o(.text)
    TIM8_TRG_COM_TIM14_IRQHandler            0x0800025f   Thumb Code     0  startup_stm32f40_41xxx.o(.text)
    TIM8_UP_TIM13_IRQHandler                 0x0800025f   Thumb Code     0  startup_stm32f40_41xxx.o(.text)
    UART4_IRQHandler                         0x0800025f   Thumb Code     0  startup_stm32f40_41xxx.o(.text)
    UART5_IRQHandler                         0x0800025f   Thumb Code     0  startup_stm32f40_41xxx.o(.text)
    USART2_IRQHandler                        0x0800025f   Thumb Code     0  startup_stm32f40_41xxx.o(.text)
    USART3_IRQHandler                        0x0800025f   Thumb Code     0  startup_stm32f40_41xxx.o(.text)
    USART6_IRQHandler                        0x0800025f   Thumb Code     0  startup_stm32f40_41xxx.o(.text)
    WWDG_IRQHandler                          0x0800025f   Thumb Code     0  startup_stm32f40_41xxx.o(.text)
    __user_initial_stackheap                 0x08000261   Thumb Code     0  startup_stm32f40_41xxx.o(.text)
    __use_no_semihosting                     0x08000285   Thumb Code     2  use_no_semi_2.o(.text)
    __0sscanf                                0x08000289   Thumb Code    52  __0sscanf.o(.text)
    _scanf_string                            0x080002c5   Thumb Code   224  _scanf_str.o(.text)
    __aeabi_memcpy4                          0x080003a5   Thumb Code     0  rt_memcpy_w.o(.text)
    __aeabi_memcpy8                          0x080003a5   Thumb Code     0  rt_memcpy_w.o(.text)
    __rt_memcpy_w                            0x080003a5   Thumb Code   100  rt_memcpy_w.o(.text)
    _memcpy_lastbytes_aligned                0x080003ed   Thumb Code     0  rt_memcpy_w.o(.text)
    __aeabi_memclr                           0x08000409   Thumb Code     0  rt_memclr.o(.text)
    __rt_memclr                              0x08000409   Thumb Code    68  rt_memclr.o(.text)
    _memset                                  0x0800040d   Thumb Code     0  rt_memclr.o(.text)
    strcmp                                   0x0800044d   Thumb Code   128  strcmpv7m.o(.text)
    __use_two_region_memory                  0x080004cd   Thumb Code     2  heapauxi.o(.text)
    __rt_heap_escrow$2region                 0x080004cf   Thumb Code     2  heapauxi.o(.text)
    __rt_heap_expand$2region                 0x080004d1   Thumb Code     2  heapauxi.o(.text)
    __I$use$semihosting                      0x080004d3   Thumb Code     0  use_no_semi.o(.text)
    __use_no_semihosting_swi                 0x080004d3   Thumb Code     2  use_no_semi.o(.text)
    __read_errno                             0x080004d5   Thumb Code    10  _rserrno.o(.text)
    __set_errno                              0x080004df   Thumb Code    12  _rserrno.o(.text)
    _scanf_really_real                       0x08000739   Thumb Code   684  scanf_fp.o(.text)
    __vfscanf_char                           0x080009f1   Thumb Code    24  scanf_char.o(.text)
    _sgetc                                   0x08000a11   Thumb Code    30  _sgetc.o(.text)
    _sbackspace                              0x08000a2f   Thumb Code    34  _sgetc.o(.text)
    __aeabi_memclr4                          0x08000a51   Thumb Code     0  rt_memclr_w.o(.text)
    __aeabi_memclr8                          0x08000a51   Thumb Code     0  rt_memclr_w.o(.text)
    __rt_memclr_w                            0x08000a51   Thumb Code    78  rt_memclr_w.o(.text)
    _memset_w                                0x08000a55   Thumb Code     0  rt_memclr_w.o(.text)
    __rt_locale                              0x08000aa1   Thumb Code     8  rt_locale_intlibspace.o(.text)
    __aeabi_errno_addr                       0x08000aa9   Thumb Code     8  rt_errno_addr_intlibspace.o(.text)
    __errno$intlibspace                      0x08000aa9   Thumb Code     0  rt_errno_addr_intlibspace.o(.text)
    __rt_errno_addr$intlibspace              0x08000aa9   Thumb Code     0  rt_errno_addr_intlibspace.o(.text)
    isspace                                  0x08000ab1   Thumb Code    18  isspace.o(.text)
    __vfscanf                                0x08000ac5   Thumb Code   878  _scanf.o(.text)
    _btod_etento                             0x08000e39   Thumb Code   224  bigflt0.o(.text)
    __user_libspace                          0x08000f1d   Thumb Code     8  libspace.o(.text)
    __user_perproc_libspace                  0x08000f1d   Thumb Code     0  libspace.o(.text)
    __user_perthread_libspace                0x08000f1d   Thumb Code     0  libspace.o(.text)
    __user_setup_stackheap                   0x08000f25   Thumb Code    74  sys_stackheap_outer.o(.text)
    __rt_ctype_table                         0x08000f71   Thumb Code    16  rt_ctype_table.o(.text)
    _scanf_really_hex_real                   0x08000f81   Thumb Code   786  scanf_hexfp.o(.text)
    _scanf_really_infnan                     0x080012a1   Thumb Code   292  scanf_infnan.o(.text)
    exit                                     0x080013d5   Thumb Code    18  exit.o(.text)
    __aeabi_llsl                             0x080013e7   Thumb Code     0  llshl.o(.text)
    _ll_shift_l                              0x080013e7   Thumb Code    38  llshl.o(.text)
    _chval                                   0x0800140d   Thumb Code    28  _chval.o(.text)
    __btod_div_common                        0x08001429   Thumb Code   696  btod.o(CL$$btod_div_common)
    _e2d                                     0x08001761   Thumb Code   122  btod.o(CL$$btod_e2d)
    _e2e                                     0x080017e5   Thumb Code   220  btod.o(CL$$btod_e2e)
    _btod_ediv                               0x080018c1   Thumb Code    42  btod.o(CL$$btod_ediv)
    _btod_edivd                              0x080018eb   Thumb Code    42  btod.o(CL$$btod_edivd)
    _btod_emul                               0x08001915   Thumb Code    42  btod.o(CL$$btod_emul)
    _btod_emuld                              0x0800193f   Thumb Code    42  btod.o(CL$$btod_emuld)
    __btod_mult_common                       0x08001969   Thumb Code   580  btod.o(CL$$btod_mult_common)
    BusFault_Handler                         0x08001bad   Thumb Code     4  stm32f4xx_it.o(i.BusFault_Handler)
    DebugMon_Handler                         0x08001bb1   Thumb Code     2  stm32f4xx_it.o(i.DebugMon_Handler)
    GPIO_Init                                0x08001bb3   Thumb Code   144  stm32f4xx_gpio.o(i.GPIO_Init)
    GPIO_PinAFConfig                         0x08001c43   Thumb Code    70  stm32f4xx_gpio.o(i.GPIO_PinAFConfig)
    GPIO_SetBits                             0x08001c89   Thumb Code     4  stm32f4xx_gpio.o(i.GPIO_SetBits)
    HardFault_Handler                        0x08001c8d   Thumb Code     4  stm32f4xx_it.o(i.HardFault_Handler)
    LED_Init                                 0x08001c91   Thumb Code    60  led.o(i.LED_Init)
    MemManage_Handler                        0x08001cd1   Thumb Code     4  stm32f4xx_it.o(i.MemManage_Handler)
    NMI_Handler                              0x08001cd5   Thumb Code     2  stm32f4xx_it.o(i.NMI_Handler)
    NVIC_Init                                0x08001cd9   Thumb Code   106  misc.o(i.NVIC_Init)
    PendSV_Handler                           0x08001d51   Thumb Code     2  stm32f4xx_it.o(i.PendSV_Handler)
    RCC_AHB1PeriphClockCmd                   0x08001d55   Thumb Code    26  stm32f4xx_rcc.o(i.RCC_AHB1PeriphClockCmd)
    RCC_APB2PeriphClockCmd                   0x08001d75   Thumb Code    26  stm32f4xx_rcc.o(i.RCC_APB2PeriphClockCmd)
    RCC_GetClocksFreq                        0x08001d95   Thumb Code   214  stm32f4xx_rcc.o(i.RCC_GetClocksFreq)
    SVC_Handler                              0x08001e7d   Thumb Code     2  stm32f4xx_it.o(i.SVC_Handler)
    SysTick_CLKSourceConfig                  0x08001f6d   Thumb Code    40  misc.o(i.SysTick_CLKSourceConfig)
    SysTick_Handler                          0x08001f95   Thumb Code     2  stm32f4xx_it.o(i.SysTick_Handler)
    SystemInit                               0x08001f99   Thumb Code    88  system_stm32f4xx.o(i.SystemInit)
    USART1_IRQHandler                        0x08002001   Thumb Code    94  usart.o(i.USART1_IRQHandler)
    USART_Cmd                                0x08002071   Thumb Code    24  stm32f4xx_usart.o(i.USART_Cmd)
    USART_GetFlagStatus                      0x08002089   Thumb Code    26  stm32f4xx_usart.o(i.USART_GetFlagStatus)
    USART_GetITStatus                        0x080020a3   Thumb Code    84  stm32f4xx_usart.o(i.USART_GetITStatus)
    USART_ITConfig                           0x080020f7   Thumb Code    74  stm32f4xx_usart.o(i.USART_ITConfig)
    USART_Init                               0x08002141   Thumb Code   204  stm32f4xx_usart.o(i.USART_Init)
    USART_ReceiveData                        0x08002215   Thumb Code    10  stm32f4xx_usart.o(i.USART_ReceiveData)
    USART_SendData                           0x0800221f   Thumb Code     8  stm32f4xx_usart.o(i.USART_SendData)
    UsageFault_Handler                       0x08002227   Thumb Code     4  stm32f4xx_it.o(i.UsageFault_Handler)
    __ARM_fpclassifyf                        0x0800222b   Thumb Code    38  fpclassifyf.o(i.__ARM_fpclassifyf)
    __hardfp___mathlib_tofloat               0x08002251   Thumb Code   232  narrow.o(i.__hardfp___mathlib_tofloat)
    __hardfp_cosf                            0x08002349   Thumb Code   280  cosf.o(i.__hardfp_cosf)
    __hardfp_ldexp                           0x08002499   Thumb Code   200  ldexp.o(i.__hardfp_ldexp)
    __hardfp_sinf                            0x08002569   Thumb Code   344  sinf.o(i.__hardfp_sinf)
    __mathlib_dbl_overflow                   0x080026f9   Thumb Code    24  dunder.o(i.__mathlib_dbl_overflow)
    __mathlib_dbl_underflow                  0x08002719   Thumb Code    24  dunder.o(i.__mathlib_dbl_underflow)
    __mathlib_flt_infnan                     0x08002739   Thumb Code     6  funder.o(i.__mathlib_flt_infnan)
    __mathlib_flt_invalid                    0x08002741   Thumb Code    10  funder.o(i.__mathlib_flt_invalid)
    __mathlib_flt_underflow                  0x08002751   Thumb Code    10  funder.o(i.__mathlib_flt_underflow)
    __mathlib_narrow                         0x08002761   Thumb Code    18  narrow.o(i.__mathlib_narrow)
    __mathlib_rredf2                         0x08002775   Thumb Code   316  rredf.o(i.__mathlib_rredf2)
    __support_ldexp                          0x080028c9   Thumb Code    20  ldexp.o(i.__support_ldexp)
    _is_digit                                0x080028dd   Thumb Code    14  scanf_fp.o(i._is_digit)
    _sys_exit                                0x080028eb   Thumb Code     6  usart.o(i._sys_exit)
    delay_init                               0x080028f1   Thumb Code    52  delay.o(i.delay_init)
    frexp                                    0x08002931   Thumb Code   118  frexp.o(i.frexp)
    get_cmd                                  0x080029bd   Thumb Code    70  main.o(i.get_cmd)
    getdatas                                 0x08002a15   Thumb Code   106  main.o(i.getdatas)
    main                                     0x08002a8d   Thumb Code    34  main.o(i.main)
    send_wave                                0x08002ab1   Thumb Code   174  main.o(i.send_wave)
    usart_get_data                           0x08002bb9   Thumb Code    68  usart.o(i.usart_get_data)
    usart_init                               0x08002c15   Thumb Code   164  usart.o(i.usart_init)
    usart_senddatas                          0x08002cc1   Thumb Code    44  usart.o(i.usart_senddatas)
    _get_lc_numeric                          0x08002ced   Thumb Code    44  lc_numeric_c.o(locale$$code)
    _get_lc_ctype                            0x08002d19   Thumb Code    44  lc_ctype_c.o(locale$$code)
    __aeabi_d2f                              0x08002d45   Thumb Code     0  d2f.o(x$fpl$d2f)
    _d2f                                     0x08002d45   Thumb Code    98  d2f.o(x$fpl$d2f)
    __fpl_dcheck_NaN1                        0x08002da9   Thumb Code    10  dcheck1.o(x$fpl$dcheck1)
    __fpl_dcmp_Inf                           0x08002db9   Thumb Code    24  dcmpi.o(x$fpl$dcmpinf)
    __aeabi_cdcmpeq                          0x08002dd1   Thumb Code     0  deqf.o(x$fpl$deqf)
    _dcmpeq                                  0x08002dd1   Thumb Code   120  deqf.o(x$fpl$deqf)
    __aeabi_cdcmple                          0x08002e49   Thumb Code     0  dleqf.o(x$fpl$dleqf)
    _dcmple                                  0x08002e49   Thumb Code   120  dleqf.o(x$fpl$dleqf)
    __fpl_dcmple_InfNaN                      0x08002eab   Thumb Code     0  dleqf.o(x$fpl$dleqf)
    __aeabi_dmul                             0x08002ec1   Thumb Code     0  dmul.o(x$fpl$dmul)
    _dmul                                    0x08002ec1   Thumb Code   332  dmul.o(x$fpl$dmul)
    __fpl_dnaninf                            0x08003015   Thumb Code   156  dnaninf.o(x$fpl$dnaninf)
    __fpl_dretinf                            0x080030b1   Thumb Code    12  dretinf.o(x$fpl$dretinf)
    __aeabi_cdrcmple                         0x080030bd   Thumb Code     0  drleqf.o(x$fpl$drleqf)
    _drcmple                                 0x080030bd   Thumb Code   108  drleqf.o(x$fpl$drleqf)
    _fp_init                                 0x08003129   Thumb Code    10  fpinit.o(x$fpl$fpinit)
    __fplib_config_fpu_vfp                   0x08003131   Thumb Code     0  fpinit.o(x$fpl$fpinit)
    __fplib_config_pureend_doubles           0x08003131   Thumb Code     0  fpinit.o(x$fpl$fpinit)
    __fpl_fretinf                            0x08003133   Thumb Code    10  fretinf.o(x$fpl$fretinf)
    __ieee_status                            0x0800313d   Thumb Code     6  istatus.o(x$fpl$ieeestatus)
    __fpl_return_NaN                         0x08003143   Thumb Code   100  retnan.o(x$fpl$retnan)
    __ARM_scalbn                             0x080031a7   Thumb Code    92  scalbn.o(x$fpl$scalbn)
    _scanf_real                              0x08003203   Thumb Code     4  scanf1.o(x$fpl$scanf1)
    _scanf_hex_real                          0x08003207   Thumb Code     4  scanf2.o(x$fpl$scanf2)
    _scanf_infnan                            0x0800320b   Thumb Code     4  scanf2.o(x$fpl$scanf2)
    __fpl_cmpreturn                          0x0800320f   Thumb Code    48  trapv.o(x$fpl$trapveneer)
    __I$use$fp                               0x0800323e   Number         0  usenofp.o(x$fpl$usenofp)
    Region$$Table$$Base                      0x080032f4   Number         0  anon$$obj.o(Region$$Table)
    Region$$Table$$Limit                     0x08003314   Number         0  anon$$obj.o(Region$$Table)
    __aeabi_HUGE_VAL                         0x08003314   Data           0  fpconst.o(c$$dinf)
    __aeabi_HUGE_VALL                        0x08003314   Data           0  fpconst.o(c$$dinf)
    __aeabi_INFINITY                         0x08003314   Data           0  fpconst.o(c$$dinf)
    __dInf                                   0x08003314   Data           0  fpconst.o(c$$dinf)
    __huge_val                               0x08003314   Data           0  fpconst.o(c$$dinf)
    __dbl_max                                0x0800331c   Data           0  fpconst.o(c$$dmax)
    __ctype                                  0x0800334d   Data           0  lc_ctype_c.o(locale$$data)
    cmd_P                                    0x20000000   Data           4  main.o(.data)
    cmd_I                                    0x20000004   Data           4  main.o(.data)
    cmd_D                                    0x20000008   Data           4  main.o(.data)
    __stdout                                 0x20000014   Data           4  usart.o(.data)
    usart_readok                             0x20000018   Data           1  usart.o(.data)
    datas                                    0x2000002c   Data          16  main.o(.bss)
    usart_readbuff                           0x2000003c   Data          30  usart.o(.bss)
    __libspace_start                         0x2000005c   Data          96  libspace.o(.bss)
    __temporary_stack_top$libspace           0x200000bc   Data           0  libspace.o(.bss)



==============================================================================

Memory Map of the image

  Image Entry point : 0x08000189

  Load Region LR_IROM1 (Base: 0x08000000, Size: 0x0000347c, Max: 0x00100000, ABSOLUTE)

    Execution Region ER_IROM1 (Exec base: 0x08000000, Load base: 0x08000000, Size: 0x00003450, Max: 0x00100000, ABSOLUTE)

    Exec Addr    Load Addr    Size         Type   Attr      Idx    E Section Name        Object

    0x08000000   0x08000000   0x00000188   Data   RO          555    RESET               startup_stm32f40_41xxx.o
    0x08000188   0x08000188   0x00000008   Code   RO         1296  * !!!main             c_w.l(__main.o)
    0x08000190   0x08000190   0x00000034   Code   RO         1657    !!!scatter          c_w.l(__scatter.o)
    0x080001c4   0x080001c4   0x0000001a   Code   RO         1659    !!handler_copy      c_w.l(__scatter_copy.o)
    0x080001de   0x080001de   0x00000002   PAD
    0x080001e0   0x080001e0   0x0000001c   Code   RO         1661    !!handler_zi        c_w.l(__scatter_zi.o)
    0x080001fc   0x080001fc   0x00000002   Code   RO         1454    .ARM.Collect$$libinit$$00000000  c_w.l(libinit.o)
    0x080001fe   0x080001fe   0x00000004   Code   RO         1455    .ARM.Collect$$libinit$$00000001  c_w.l(libinit2.o)
    0x08000202   0x08000202   0x00000000   Code   RO         1458    .ARM.Collect$$libinit$$00000004  c_w.l(libinit2.o)
    0x08000202   0x08000202   0x00000000   Code   RO         1461    .ARM.Collect$$libinit$$0000000A  c_w.l(libinit2.o)
    0x08000202   0x08000202   0x00000000   Code   RO         1463    .ARM.Collect$$libinit$$0000000C  c_w.l(libinit2.o)
    0x08000202   0x08000202   0x00000000   Code   RO         1465    .ARM.Collect$$libinit$$0000000E  c_w.l(libinit2.o)
    0x08000202   0x08000202   0x00000006   Code   RO         1466    .ARM.Collect$$libinit$$0000000F  c_w.l(libinit2.o)
    0x08000208   0x08000208   0x00000000   Code   RO         1468    .ARM.Collect$$libinit$$00000011  c_w.l(libinit2.o)
    0x08000208   0x08000208   0x0000000c   Code   RO         1469    .ARM.Collect$$libinit$$00000012  c_w.l(libinit2.o)
    0x08000214   0x08000214   0x00000000   Code   RO         1470    .ARM.Collect$$libinit$$00000013  c_w.l(libinit2.o)
    0x08000214   0x08000214   0x00000000   Code   RO         1472    .ARM.Collect$$libinit$$00000015  c_w.l(libinit2.o)
    0x08000214   0x08000214   0x0000000a   Code   RO         1473    .ARM.Collect$$libinit$$00000016  c_w.l(libinit2.o)
    0x0800021e   0x0800021e   0x00000000   Code   RO         1474    .ARM.Collect$$libinit$$00000017  c_w.l(libinit2.o)
    0x0800021e   0x0800021e   0x00000000   Code   RO         1476    .ARM.Collect$$libinit$$00000019  c_w.l(libinit2.o)
    0x0800021e   0x0800021e   0x00000000   Code   RO         1478    .ARM.Collect$$libinit$$0000001B  c_w.l(libinit2.o)
    0x0800021e   0x0800021e   0x00000000   Code   RO         1480    .ARM.Collect$$libinit$$0000001D  c_w.l(libinit2.o)
    0x0800021e   0x0800021e   0x00000000   Code   RO         1482    .ARM.Collect$$libinit$$0000001F  c_w.l(libinit2.o)
    0x0800021e   0x0800021e   0x00000000   Code   RO         1484    .ARM.Collect$$libinit$$00000021  c_w.l(libinit2.o)
    0x0800021e   0x0800021e   0x00000000   Code   RO         1486    .ARM.Collect$$libinit$$00000023  c_w.l(libinit2.o)
    0x0800021e   0x0800021e   0x00000000   Code   RO         1488    .ARM.Collect$$libinit$$00000025  c_w.l(libinit2.o)
    0x0800021e   0x0800021e   0x00000000   Code   RO         1492    .ARM.Collect$$libinit$$0000002C  c_w.l(libinit2.o)
    0x0800021e   0x0800021e   0x00000000   Code   RO         1494    .ARM.Collect$$libinit$$0000002E  c_w.l(libinit2.o)
    0x0800021e   0x0800021e   0x00000000   Code   RO         1496    .ARM.Collect$$libinit$$00000030  c_w.l(libinit2.o)
    0x0800021e   0x0800021e   0x00000000   Code   RO         1498    .ARM.Collect$$libinit$$00000032  c_w.l(libinit2.o)
    0x0800021e   0x0800021e   0x00000002   Code   RO         1499    .ARM.Collect$$libinit$$00000033  c_w.l(libinit2.o)
    0x08000220   0x08000220   0x00000002   Code   RO         1591    .ARM.Collect$$libshutdown$$00000000  c_w.l(libshutdown.o)
    0x08000222   0x08000222   0x00000000   Code   RO         1612    .ARM.Collect$$libshutdown$$00000002  c_w.l(libshutdown2.o)
    0x08000222   0x08000222   0x00000000   Code   RO         1614    .ARM.Collect$$libshutdown$$00000004  c_w.l(libshutdown2.o)
    0x08000222   0x08000222   0x00000000   Code   RO         1617    .ARM.Collect$$libshutdown$$00000007  c_w.l(libshutdown2.o)
    0x08000222   0x08000222   0x00000000   Code   RO         1620    .ARM.Collect$$libshutdown$$0000000A  c_w.l(libshutdown2.o)
    0x08000222   0x08000222   0x00000000   Code   RO         1622    .ARM.Collect$$libshutdown$$0000000C  c_w.l(libshutdown2.o)
    0x08000222   0x08000222   0x00000000   Code   RO         1625    .ARM.Collect$$libshutdown$$0000000F  c_w.l(libshutdown2.o)
    0x08000222   0x08000222   0x00000002   Code   RO         1626    .ARM.Collect$$libshutdown$$00000010  c_w.l(libshutdown2.o)
    0x08000224   0x08000224   0x00000000   Code   RO         1326    .ARM.Collect$$rtentry$$00000000  c_w.l(__rtentry.o)
    0x08000224   0x08000224   0x00000000   Code   RO         1360    .ARM.Collect$$rtentry$$00000002  c_w.l(__rtentry2.o)
    0x08000224   0x08000224   0x00000006   Code   RO         1372    .ARM.Collect$$rtentry$$00000004  c_w.l(__rtentry4.o)
    0x0800022a   0x0800022a   0x00000000   Code   RO         1362    .ARM.Collect$$rtentry$$00000009  c_w.l(__rtentry2.o)
    0x0800022a   0x0800022a   0x00000004   Code   RO         1363    .ARM.Collect$$rtentry$$0000000A  c_w.l(__rtentry2.o)
    0x0800022e   0x0800022e   0x00000000   Code   RO         1365    .ARM.Collect$$rtentry$$0000000C  c_w.l(__rtentry2.o)
    0x0800022e   0x0800022e   0x00000008   Code   RO         1366    .ARM.Collect$$rtentry$$0000000D  c_w.l(__rtentry2.o)
    0x08000236   0x08000236   0x00000002   Code   RO         1512    .ARM.Collect$$rtexit$$00000000  c_w.l(rtexit.o)
    0x08000238   0x08000238   0x00000000   Code   RO         1552    .ARM.Collect$$rtexit$$00000002  c_w.l(rtexit2.o)
    0x08000238   0x08000238   0x00000004   Code   RO         1553    .ARM.Collect$$rtexit$$00000003  c_w.l(rtexit2.o)
    0x0800023c   0x0800023c   0x00000006   Code   RO         1554    .ARM.Collect$$rtexit$$00000004  c_w.l(rtexit2.o)
    0x08000242   0x08000242   0x00000002   PAD
    0x08000244   0x08000244   0x00000040   Code   RO          556    .text               startup_stm32f40_41xxx.o
    0x08000284   0x08000284   0x00000002   Code   RO         1282    .text               c_w.l(use_no_semi_2.o)
    0x08000286   0x08000286   0x00000002   PAD
    0x08000288   0x08000288   0x0000003c   Code   RO         1284    .text               c_w.l(__0sscanf.o)
    0x080002c4   0x080002c4   0x000000e0   Code   RO         1286    .text               c_w.l(_scanf_str.o)
    0x080003a4   0x080003a4   0x00000064   Code   RO         1288    .text               c_w.l(rt_memcpy_w.o)
    0x08000408   0x08000408   0x00000044   Code   RO         1290    .text               c_w.l(rt_memclr.o)
    0x0800044c   0x0800044c   0x00000080   Code   RO         1292    .text               c_w.l(strcmpv7m.o)
    0x080004cc   0x080004cc   0x00000006   Code   RO         1294    .text               c_w.l(heapauxi.o)
    0x080004d2   0x080004d2   0x00000002   Code   RO         1324    .text               c_w.l(use_no_semi.o)
    0x080004d4   0x080004d4   0x00000016   Code   RO         1327    .text               c_w.l(_rserrno.o)
    0x080004ea   0x080004ea   0x00000002   PAD
    0x080004ec   0x080004ec   0x000004f8   Code   RO         1329    .text               c_w.l(scanf_fp.o)
    0x080009e4   0x080009e4   0x0000002c   Code   RO         1333    .text               c_w.l(scanf_char.o)
    0x08000a10   0x08000a10   0x00000040   Code   RO         1335    .text               c_w.l(_sgetc.o)
    0x08000a50   0x08000a50   0x0000004e   Code   RO         1337    .text               c_w.l(rt_memclr_w.o)
    0x08000a9e   0x08000a9e   0x00000002   PAD
    0x08000aa0   0x08000aa0   0x00000008   Code   RO         1377    .text               c_w.l(rt_locale_intlibspace.o)
    0x08000aa8   0x08000aa8   0x00000008   Code   RO         1382    .text               c_w.l(rt_errno_addr_intlibspace.o)
    0x08000ab0   0x08000ab0   0x00000012   Code   RO         1384    .text               c_w.l(isspace.o)
    0x08000ac2   0x08000ac2   0x00000002   PAD
    0x08000ac4   0x08000ac4   0x00000374   Code   RO         1386    .text               c_w.l(_scanf.o)
    0x08000e38   0x08000e38   0x000000e4   Code   RO         1388    .text               c_w.l(bigflt0.o)
    0x08000f1c   0x08000f1c   0x00000008   Code   RO         1436    .text               c_w.l(libspace.o)
    0x08000f24   0x08000f24   0x0000004a   Code   RO         1439    .text               c_w.l(sys_stackheap_outer.o)
    0x08000f6e   0x08000f6e   0x00000002   PAD
    0x08000f70   0x08000f70   0x00000010   Code   RO         1441    .text               c_w.l(rt_ctype_table.o)
    0x08000f80   0x08000f80   0x00000320   Code   RO         1443    .text               c_w.l(scanf_hexfp.o)
    0x080012a0   0x080012a0   0x00000134   Code   RO         1445    .text               c_w.l(scanf_infnan.o)
    0x080013d4   0x080013d4   0x00000012   Code   RO         1447    .text               c_w.l(exit.o)
    0x080013e6   0x080013e6   0x00000026   Code   RO         1514    .text               c_w.l(llshl.o)
    0x0800140c   0x0800140c   0x0000001c   Code   RO         1516    .text               c_w.l(_chval.o)
    0x08001428   0x08001428   0x00000338   Code   RO         1401    CL$$btod_div_common  c_w.l(btod.o)
    0x08001760   0x08001760   0x00000084   Code   RO         1399    CL$$btod_e2d        c_w.l(btod.o)
    0x080017e4   0x080017e4   0x000000dc   Code   RO         1398    CL$$btod_e2e        c_w.l(btod.o)
    0x080018c0   0x080018c0   0x0000002a   Code   RO         1395    CL$$btod_ediv       c_w.l(btod.o)
    0x080018ea   0x080018ea   0x0000002a   Code   RO         1397    CL$$btod_edivd      c_w.l(btod.o)
    0x08001914   0x08001914   0x0000002a   Code   RO         1394    CL$$btod_emul       c_w.l(btod.o)
    0x0800193e   0x0800193e   0x0000002a   Code   RO         1396    CL$$btod_emuld      c_w.l(btod.o)
    0x08001968   0x08001968   0x00000244   Code   RO         1400    CL$$btod_mult_common  c_w.l(btod.o)
    0x08001bac   0x08001bac   0x00000004   Code   RO          175    i.BusFault_Handler  stm32f4xx_it.o
    0x08001bb0   0x08001bb0   0x00000002   Code   RO          176    i.DebugMon_Handler  stm32f4xx_it.o
    0x08001bb2   0x08001bb2   0x00000090   Code   RO          607    i.GPIO_Init         stm32f4xx_gpio.o
    0x08001c42   0x08001c42   0x00000046   Code   RO          608    i.GPIO_PinAFConfig  stm32f4xx_gpio.o
    0x08001c88   0x08001c88   0x00000004   Code   RO          615    i.GPIO_SetBits      stm32f4xx_gpio.o
    0x08001c8c   0x08001c8c   0x00000004   Code   RO          177    i.HardFault_Handler  stm32f4xx_it.o
    0x08001c90   0x08001c90   0x00000040   Code   RO          384    i.LED_Init          led.o
    0x08001cd0   0x08001cd0   0x00000004   Code   RO          178    i.MemManage_Handler  stm32f4xx_it.o
    0x08001cd4   0x08001cd4   0x00000002   Code   RO          179    i.NMI_Handler       stm32f4xx_it.o
    0x08001cd6   0x08001cd6   0x00000002   PAD
    0x08001cd8   0x08001cd8   0x00000078   Code   RO          562    i.NVIC_Init         misc.o
    0x08001d50   0x08001d50   0x00000002   Code   RO          180    i.PendSV_Handler    stm32f4xx_it.o
    0x08001d52   0x08001d52   0x00000002   PAD
    0x08001d54   0x08001d54   0x00000020   Code   RO          704    i.RCC_AHB1PeriphClockCmd  stm32f4xx_rcc.o
    0x08001d74   0x08001d74   0x00000020   Code   RO          716    i.RCC_APB2PeriphClockCmd  stm32f4xx_rcc.o
    0x08001d94   0x08001d94   0x000000e8   Code   RO          725    i.RCC_GetClocksFreq  stm32f4xx_rcc.o
    0x08001e7c   0x08001e7c   0x00000002   Code   RO          181    i.SVC_Handler       stm32f4xx_it.o
    0x08001e7e   0x08001e7e   0x00000002   PAD
    0x08001e80   0x08001e80   0x000000ec   Code   RO          347    i.SetSysClock       system_stm32f4xx.o
    0x08001f6c   0x08001f6c   0x00000028   Code   RO          566    i.SysTick_CLKSourceConfig  misc.o
    0x08001f94   0x08001f94   0x00000002   Code   RO          182    i.SysTick_Handler   stm32f4xx_it.o
    0x08001f96   0x08001f96   0x00000002   PAD
    0x08001f98   0x08001f98   0x00000068   Code   RO          349    i.SystemInit        system_stm32f4xx.o
    0x08002000   0x08002000   0x00000070   Code   RO          497    i.USART1_IRQHandler  usart.o
    0x08002070   0x08002070   0x00000018   Code   RO         1098    i.USART_Cmd         stm32f4xx_usart.o
    0x08002088   0x08002088   0x0000001a   Code   RO         1101    i.USART_GetFlagStatus  stm32f4xx_usart.o
    0x080020a2   0x080020a2   0x00000054   Code   RO         1102    i.USART_GetITStatus  stm32f4xx_usart.o
    0x080020f6   0x080020f6   0x0000004a   Code   RO         1104    i.USART_ITConfig    stm32f4xx_usart.o
    0x08002140   0x08002140   0x000000d4   Code   RO         1105    i.USART_Init        stm32f4xx_usart.o
    0x08002214   0x08002214   0x0000000a   Code   RO         1112    i.USART_ReceiveData  stm32f4xx_usart.o
    0x0800221e   0x0800221e   0x00000008   Code   RO         1115    i.USART_SendData    stm32f4xx_usart.o
    0x08002226   0x08002226   0x00000004   Code   RO          183    i.UsageFault_Handler  stm32f4xx_it.o
    0x0800222a   0x0800222a   0x00000026   Code   RO         1340    i.__ARM_fpclassifyf  m_wm.l(fpclassifyf.o)
    0x08002250   0x08002250   0x000000f8   Code   RO         1428    i.__hardfp___mathlib_tofloat  m_wm.l(narrow.o)
    0x08002348   0x08002348   0x00000150   Code   RO         1300    i.__hardfp_cosf     m_wm.l(cosf.o)
    0x08002498   0x08002498   0x000000d0   Code   RO         1535    i.__hardfp_ldexp    m_wm.l(ldexp.o)
    0x08002568   0x08002568   0x00000190   Code   RO         1312    i.__hardfp_sinf     m_wm.l(sinf.o)
    0x080026f8   0x080026f8   0x00000020   Code   RO         1570    i.__mathlib_dbl_overflow  m_wm.l(dunder.o)
    0x08002718   0x08002718   0x00000020   Code   RO         1572    i.__mathlib_dbl_underflow  m_wm.l(dunder.o)
    0x08002738   0x08002738   0x00000006   Code   RO         1343    i.__mathlib_flt_infnan  m_wm.l(funder.o)
    0x0800273e   0x0800273e   0x00000002   PAD
    0x08002740   0x08002740   0x00000010   Code   RO         1345    i.__mathlib_flt_invalid  m_wm.l(funder.o)
    0x08002750   0x08002750   0x00000010   Code   RO         1348    i.__mathlib_flt_underflow  m_wm.l(funder.o)
    0x08002760   0x08002760   0x00000012   Code   RO         1429    i.__mathlib_narrow  m_wm.l(narrow.o)
    0x08002772   0x08002772   0x00000002   PAD
    0x08002774   0x08002774   0x00000154   Code   RO         1356    i.__mathlib_rredf2  m_wm.l(rredf.o)
    0x080028c8   0x080028c8   0x00000014   Code   RO         1537    i.__support_ldexp   m_wm.l(ldexp.o)
    0x080028dc   0x080028dc   0x0000000e   Code   RO         1331    i._is_digit         c_w.l(scanf_fp.o)
    0x080028ea   0x080028ea   0x00000006   Code   RO          498    i._sys_exit         usart.o
    0x080028f0   0x080028f0   0x0000003c   Code   RO          436    i.delay_init        delay.o
    0x0800292c   0x0800292c   0x00000004   PAD
    0x08002930   0x08002930   0x0000008c   Code   RO         1508    i.frexp             m_wm.l(frexp.o)
    0x080029bc   0x080029bc   0x00000058   Code   RO            3    i.get_cmd           main.o
    0x08002a14   0x08002a14   0x00000078   Code   RO            4    i.getdatas          main.o
    0x08002a8c   0x08002a8c   0x00000022   Code   RO            5    i.main              main.o
    0x08002aae   0x08002aae   0x00000002   PAD
    0x08002ab0   0x08002ab0   0x00000108   Code   RO            6    i.send_wave         main.o
    0x08002bb8   0x08002bb8   0x0000005c   Code   RO          500    i.usart_get_data    usart.o
    0x08002c14   0x08002c14   0x000000ac   Code   RO          501    i.usart_init        usart.o
    0x08002cc0   0x08002cc0   0x0000002c   Code   RO          502    i.usart_senddatas   usart.o
    0x08002cec   0x08002cec   0x0000002c   Code   RO         1414    locale$$code        c_w.l(lc_numeric_c.o)
    0x08002d18   0x08002d18   0x0000002c   Code   RO         1519    locale$$code        c_w.l(lc_ctype_c.o)
    0x08002d44   0x08002d44   0x00000062   Code   RO         1500    x$fpl$d2f           fz_wm.l(d2f.o)
    0x08002da6   0x08002da6   0x00000002   PAD
    0x08002da8   0x08002da8   0x00000010   Code   RO         1598    x$fpl$dcheck1       fz_wm.l(dcheck1.o)
    0x08002db8   0x08002db8   0x00000018   Code   RO         1523    x$fpl$dcmpinf       fz_wm.l(dcmpi.o)
    0x08002dd0   0x08002dd0   0x00000078   Code   RO         1502    x$fpl$deqf          fz_wm.l(deqf.o)
    0x08002e48   0x08002e48   0x00000078   Code   RO         1525    x$fpl$dleqf         fz_wm.l(dleqf.o)
    0x08002ec0   0x08002ec0   0x00000154   Code   RO         1527    x$fpl$dmul          fz_wm.l(dmul.o)
    0x08003014   0x08003014   0x0000009c   Code   RO         1529    x$fpl$dnaninf       fz_wm.l(dnaninf.o)
    0x080030b0   0x080030b0   0x0000000c   Code   RO         1562    x$fpl$dretinf       fz_wm.l(dretinf.o)
    0x080030bc   0x080030bc   0x0000006c   Code   RO         1504    x$fpl$drleqf        fz_wm.l(drleqf.o)
    0x08003128   0x08003128   0x0000000a   Code   RO         1531    x$fpl$fpinit        fz_wm.l(fpinit.o)
    0x08003132   0x08003132   0x0000000a   Code   RO         1533    x$fpl$fretinf       fz_wm.l(fretinf.o)
    0x0800313c   0x0800313c   0x00000006   Code   RO         1420    x$fpl$ieeestatus    fz_wm.l(istatus.o)
    0x08003142   0x08003142   0x00000064   Code   RO         1627    x$fpl$retnan        fz_wm.l(retnan.o)
    0x080031a6   0x080031a6   0x0000005c   Code   RO         1564    x$fpl$scalbn        fz_wm.l(scalbn.o)
    0x08003202   0x08003202   0x00000004   Code   RO         1298    x$fpl$scanf1        fz_wm.l(scanf1.o)
    0x08003206   0x08003206   0x00000008   Code   RO         1422    x$fpl$scanf2        fz_wm.l(scanf2.o)
    0x0800320e   0x0800320e   0x00000030   Code   RO         1633    x$fpl$trapveneer    fz_wm.l(trapv.o)
    0x0800323e   0x0800323e   0x00000000   Code   RO         1339    x$fpl$usenofp       fz_wm.l(usenofp.o)
    0x0800323e   0x0800323e   0x00000002   PAD
    0x08003240   0x08003240   0x00000020   Data   RO         1357    .constdata          m_wm.l(rredf.o)
    0x08003260   0x08003260   0x00000094   Data   RO         1389    .constdata          c_w.l(bigflt0.o)
    0x080032f4   0x080032f4   0x00000020   Data   RO         1655    Region$$Table       anon$$obj.o
    0x08003314   0x08003314   0x00000008   Data   RO         1416    c$$dinf             fz_wm.l(fpconst.o)
    0x0800331c   0x0800331c   0x00000008   Data   RO         1419    c$$dmax             fz_wm.l(fpconst.o)
    0x08003324   0x08003324   0x0000001c   Data   RO         1413    locale$$data        c_w.l(lc_numeric_c.o)
    0x08003340   0x08003340   0x00000110   Data   RO         1518    locale$$data        c_w.l(lc_ctype_c.o)


    Execution Region RW_IRAM1 (Exec base: 0x20000000, Load base: 0x08003450, Size: 0x000006c0, Max: 0x00020000, ABSOLUTE)

    Exec Addr    Load Addr    Size         Type   Attr      Idx    E Section Name        Object

    0x20000000   0x08003450   0x00000010   Data   RW            8    .data               main.o
    0x20000010   0x08003460   0x00000004   Data   RW          440    .data               delay.o
    0x20000014   0x08003464   0x00000006   Data   RW          504    .data               usart.o
    0x2000001a   0x0800346a   0x00000010   Data   RW          757    .data               stm32f4xx_rcc.o
    0x2000002a   0x0800347a   0x00000002   PAD
    0x2000002c        -       0x00000010   Zero   RW            7    .bss                main.o
    0x2000003c        -       0x0000001e   Zero   RW          503    .bss                usart.o
    0x2000005a   0x0800347a   0x00000002   PAD
    0x2000005c        -       0x00000060   Zero   RW         1437    .bss                c_w.l(libspace.o)
    0x200000bc   0x0800347a   0x00000004   PAD
    0x200000c0        -       0x00000200   Zero   RW          554    HEAP                startup_stm32f40_41xxx.o
    0x200002c0        -       0x00000400   Zero   RW          553    STACK               startup_stm32f40_41xxx.o


==============================================================================

Image component sizes


      Code (inc. data)   RO Data    RW Data    ZI Data      Debug   Object Name

        60          8          0          4          0        893   delay.o
        64          4          0          0          0     229899   led.o
       506        122          0         16         16     249766   main.o
       160         14          0          0          0       1742   misc.o
        64         26        392          0       1536        884   startup_stm32f40_41xxx.o
       218          0          0          0          0       2586   stm32f4xx_gpio.o
        26          0          0          0          0      33070   stm32f4xx_it.o
       296         30          0         16          0       4362   stm32f4xx_rcc.o
       438          8          0          0          0       6009   stm32f4xx_usart.o
       340         32          0          0          0       1677   system_stm32f4xx.o
       426         50          0          6         30       5390   usart.o

    ----------------------------------------------------------------------
      2612        298        424         44       1584     536278   Object Totals
         0          0         32          0          0          0   (incl. Generated)
        14          4          0          2          2          0   (incl. Padding)

    ----------------------------------------------------------------------

      Code (inc. data)   RO Data    RW Data    ZI Data      Debug   Library Member Name

        60          8          0          0          0         84   __0sscanf.o
         8          0          0          0          0         68   __main.o
         0          0          0          0          0          0   __rtentry.o
        12          0          0          0          0          0   __rtentry2.o
         6          0          0          0          0          0   __rtentry4.o
        52          8          0          0          0          0   __scatter.o
        26          0          0          0          0          0   __scatter_copy.o
        28          0          0          0          0          0   __scatter_zi.o
        28          0          0          0          0         68   _chval.o
        22          0          0          0          0        100   _rserrno.o
       884          6          0          0          0        100   _scanf.o
       224          0          0          0          0         96   _scanf_str.o
        64          0          0          0          0         84   _sgetc.o
       228          4        148          0          0         96   bigflt0.o
      1924        136          0          0          0        756   btod.o
        18          0          0          0          0         80   exit.o
         6          0          0          0          0        152   heapauxi.o
        18          0          0          0          0         76   isspace.o
        44         10        272          0          0         76   lc_ctype_c.o
        44         10         28          0          0         76   lc_numeric_c.o
         2          0          0          0          0          0   libinit.o
        34          0          0          0          0          0   libinit2.o
         2          0          0          0          0          0   libshutdown.o
         2          0          0          0          0          0   libshutdown2.o
         8          4          0          0         96         68   libspace.o
        38          0          0          0          0         68   llshl.o
        16          4          0          0          0         76   rt_ctype_table.o
         8          4          0          0          0         68   rt_errno_addr_intlibspace.o
         8          4          0          0          0         68   rt_locale_intlibspace.o
        68          0          0          0          0         68   rt_memclr.o
        78          0          0          0          0         80   rt_memclr_w.o
       100          0          0          0          0         80   rt_memcpy_w.o
         2          0          0          0          0          0   rtexit.o
        10          0          0          0          0          0   rtexit2.o
        44          8          0          0          0         84   scanf_char.o
      1286         16          0          0          0        236   scanf_fp.o
       800         14          0          0          0        100   scanf_hexfp.o
       308         16          0          0          0        100   scanf_infnan.o
       128          0          0          0          0         68   strcmpv7m.o
        74          0          0          0          0         80   sys_stackheap_outer.o
         2          0          0          0          0         68   use_no_semi.o
         2          0          0          0          0         68   use_no_semi_2.o
        98          4          0          0          0        140   d2f.o
        16          4          0          0          0        116   dcheck1.o
        24          0          0          0          0        116   dcmpi.o
       120          4          0          0          0        140   deqf.o
       120          4          0          0          0        140   dleqf.o
       340         12          0          0          0        152   dmul.o
       156          4          0          0          0        140   dnaninf.o
        12          0          0          0          0        116   dretinf.o
       108          0          0          0          0        128   drleqf.o
         0          0         16          0          0          0   fpconst.o
        10          0          0          0          0        116   fpinit.o
        10          0          0          0          0        116   fretinf.o
         6          0          0          0          0        116   istatus.o
       100          0          0          0          0        116   retnan.o
        92          0          0          0          0        116   scalbn.o
         4          0          0          0          0        116   scanf1.o
         8          0          0          0          0        132   scanf2.o
        48          0          0          0          0        116   trapv.o
         0          0          0          0          0          0   usenofp.o
       336         56          0          0          0        136   cosf.o
        64         16          0          0          0        248   dunder.o
        38          0          0          0          0        116   fpclassifyf.o
       140         22          0          0          0        132   frexp.o
        38         12          0          0          0        348   funder.o
       228          8          0          0          0        308   ldexp.o
       266         16          0          0          0        308   narrow.o
       340         24         32          0          0        160   rredf.o
       400         56          0          0          0        212   sinf.o

    ----------------------------------------------------------------------
      9860        494        496          0        100       7392   Library Totals
        22          0          0          0          4          0   (incl. Padding)

    ----------------------------------------------------------------------

      Code (inc. data)   RO Data    RW Data    ZI Data      Debug   Library Name

      6716        252        448          0         96       3292   c_w.l
      1272         32         16          0          0       2132   fz_wm.l
      1850        210         32          0          0       1968   m_wm.l

    ----------------------------------------------------------------------
      9860        494        496          0        100       7392   Library Totals

    ----------------------------------------------------------------------

==============================================================================


      Code (inc. data)   RO Data    RW Data    ZI Data      Debug   

     12472        792        920         44       1684     535702   Grand Totals
     12472        792        920         44       1684     535702   ELF Image Totals
     12472        792        920         44          0          0   ROM Totals

==============================================================================

    Total RO  Size (Code + RO Data)                13392 (  13.08kB)
    Total RW  Size (RW Data + ZI Data)              1728 (   1.69kB)
    Total ROM Size (Code + RO Data + RW Data)      13436 (  13.12kB)

==============================================================================

